<?xml version="1.0" encoding="UTF-8"?>
<TestRun id="34c3e1d1-0cce-4509-88f9-61ede5b6da56" name="$soderind@WGC1W79KCR65J 2013-11-28 09:13:55" runUser="FORDEU1\$soderind" xmlns="http://microsoft.com/schemas/VisualStudio/TeamTest/2010">
  <TestSettings name="Local" id="89ca1d8f-b6a1-478b-a970-ecbb27e75554">
    <Description>These are default test settings for a local test run.</Description>
    <Deployment enabled="false" runDeploymentRoot="$soderind_WGC1W79KCR65J 2013-11-28 09_13_55">
      <DeploymentItem filename="C:\Users\$soderind\Desktop\ElectionMonitoring\packages\AutoMapper.3.1.0\lib\net40\AutoMapper.dll" />
      <DeploymentItem filename="C:\Users\$soderind\Desktop\ElectionMonitoring\ElectionMonitoring\bin\ElectionMonitoring.dll" />
      <DeploymentItem filename="C:\Program Files (x86)\Microsoft ASP.NET\ASP.NET MVC 4\Assemblies\System.Net.Http.Formatting.dll" />
      <DeploymentItem filename="C:\Program Files (x86)\Microsoft ASP.NET\ASP.NET MVC 4\Assemblies\System.Net.Http.dll" />
      <DeploymentItem filename="C:\Program Files (x86)\Microsoft ASP.NET\ASP.NET MVC 4\Assemblies\System.Web.Http.dll" />
      <DeploymentItem filename="C:\Users\$soderind\Desktop\ElectionMonitoring\packages\Moq.4.1.1311.0615\lib\net40\Moq.dll" />
      <DeploymentItem filename="C:\Users\$soderind\Desktop\ElectionMonitoring\packages\AutoMapper.3.1.0\lib\net40\AutoMapper.Net4.dll" />
      <DeploymentItem filename="C:\Program Files (x86)\Microsoft ASP.NET\ASP.NET MVC 4\Assemblies\System.Net.Http.WebRequest.dll" />
      <DeploymentItem filename="C:\Users\$soderind\Desktop\ElectionMonitoring\ElectionMonitoring.Models\bin\Debug\ElectionMonitoring.Models.dll" />
      <DeploymentItem filename="C:\Users\$soderind\Desktop\ElectionMonitoring\ElectionMonitoring.Business\bin\Debug\ElectionMonitoring.Business.dll" />
    </Deployment>
    <Execution>
      <TestTypeSpecific />
      <AgentRule name="Execution Agents">
      </AgentRule>
    </Execution>
  </TestSettings>
  <Times creation="2013-11-28T09:13:55.6381282+00:00" queuing="2013-11-28T09:13:55.8941538+00:00" start="2013-11-28T09:13:55.9321576+00:00" finish="2013-11-28T09:14:09.1644807+00:00" />
  <ResultSummary outcome="Completed">
    <Counters total="29" executed="29" passed="29" error="0" failed="0" timeout="0" aborted="0" inconclusive="0" passedButRunAborted="0" notRunnable="0" notExecuted="0" disconnected="0" warning="0" completed="0" inProgress="0" pending="0" />
  </ResultSummary>
  <TestDefinitions>
    <UnitTest name="The_PostDonor_Action_returns_created_statuscode" storage="c:\users\$soderind\desktop\electionmonitoring\electionmonitoring.tests\bin\debug\electionmonitoring.tests.dll" id="64d792df-a24a-5789-132c-4457503d92af">
      <Execution id="f33abdbc-50aa-404b-b1cb-9ed88dbe18e3" />
      <TestMethod codeBase="C:\Users\$soderind\Desktop\ElectionMonitoring\ElectionMonitoring.Tests\bin\Debug\ElectionMonitoring.Tests.dll" adapterTypeName="Microsoft.VisualStudio.TestTools.TestTypes.Unit.UnitTestAdapter, Microsoft.VisualStudio.QualityTools.Tips.UnitTest.Adapter, Version=10.0.0.0, Culture=neutral, PublicKeyToken=b03f5f7f11d50a3a" className="ElectionMonitoring.Tests.Controllers.DonationManagementControllerTest, ElectionMonitoring.Tests" name="The_PostDonor_Action_returns_created_statuscode" />
    </UnitTest>
    <UnitTest name="DeleteDonor_Calls_Repository_Delete" storage="c:\users\$soderind\desktop\electionmonitoring\electionmonitoring.tests\bin\debug\electionmonitoring.tests.dll" id="48b32990-b6f6-c4e2-d159-89a1d8ae6010">
      <Execution id="66dc2b41-2dcd-44c5-911b-cab5c272a76a" />
      <TestMethod codeBase="C:\Users\$soderind\Desktop\ElectionMonitoring\ElectionMonitoring.Tests\bin\Debug\ElectionMonitoring.Tests.dll" adapterTypeName="Microsoft.VisualStudio.TestTools.TestTypes.Unit.UnitTestAdapter, Microsoft.VisualStudio.QualityTools.Tips.UnitTest.Adapter, Version=10.0.0.0, Culture=neutral, PublicKeyToken=b03f5f7f11d50a3a" className="ElectionMonitoring.Tests.Controllers.DonationManagementControllerTest, ElectionMonitoring.Tests" name="DeleteDonor_Calls_Repository_Delete" />
    </UnitTest>
    <UnitTest name="The_PutDonor_Action_returns_Ok_statuscode_When_The_Donor_Exists" storage="c:\users\$soderind\desktop\electionmonitoring\electionmonitoring.tests\bin\debug\electionmonitoring.tests.dll" id="5e06bedb-74cb-cfdf-fdc3-bcf4ff14a610">
      <Execution id="9c09e642-1505-42ba-a666-fcf6884d2d79" />
      <TestMethod codeBase="C:\Users\$soderind\Desktop\ElectionMonitoring\ElectionMonitoring.Tests\bin\Debug\ElectionMonitoring.Tests.dll" adapterTypeName="Microsoft.VisualStudio.TestTools.TestTypes.Unit.UnitTestAdapter, Microsoft.VisualStudio.QualityTools.Tips.UnitTest.Adapter, Version=10.0.0.0, Culture=neutral, PublicKeyToken=b03f5f7f11d50a3a" className="ElectionMonitoring.Tests.Controllers.DonationManagementControllerTest, ElectionMonitoring.Tests" name="The_PutDonor_Action_returns_Ok_statuscode_When_The_Donor_Exists" />
    </UnitTest>
    <UnitTest name="ActionApiRouteWithControllerWithActionNoId" storage="c:\users\$soderind\desktop\electionmonitoring\electionmonitoring.tests\bin\debug\electionmonitoring.tests.dll" id="b8e6b3d3-519a-f501-1bfa-73a460c9d52a">
      <Execution id="c1dd6118-821d-4919-ae3a-71fa929448aa" />
      <TestMethod codeBase="C:\Users\$soderind\Desktop\ElectionMonitoring\ElectionMonitoring.Tests\bin\Debug\ElectionMonitoring.Tests.dll" adapterTypeName="Microsoft.VisualStudio.TestTools.TestTypes.Unit.UnitTestAdapter, Microsoft.VisualStudio.QualityTools.Tips.UnitTest.Adapter, Version=10.0.0.0, Culture=neutral, PublicKeyToken=b03f5f7f11d50a3a" className="ElectionMonitoring.Tests.RoutingTableTest, ElectionMonitoring.Tests" name="ActionApiRouteWithControllerWithActionNoId" />
    </UnitTest>
    <UnitTest name="The_PostProject_Action_returns_created_statuscode" storage="c:\users\$soderind\desktop\electionmonitoring\electionmonitoring.tests\bin\debug\electionmonitoring.tests.dll" id="c30bd61f-af43-d801-0b27-45522346d753">
      <Execution id="d1f4a023-6215-488f-8b0b-9a809d1d2fb5" />
      <TestMethod codeBase="C:\Users\$soderind\Desktop\ElectionMonitoring\ElectionMonitoring.Tests\bin\Debug\ElectionMonitoring.Tests.dll" adapterTypeName="Microsoft.VisualStudio.TestTools.TestTypes.Unit.UnitTestAdapter, Microsoft.VisualStudio.QualityTools.Tips.UnitTest.Adapter, Version=10.0.0.0, Culture=neutral, PublicKeyToken=b03f5f7f11d50a3a" className="ElectionMonitoring.Tests.Controllers.DonationManagementControllerTest, ElectionMonitoring.Tests" name="The_PostProject_Action_returns_created_statuscode" />
    </UnitTest>
    <UnitTest name="GetDonation_Action_Returns_Valid_Donation_Object" storage="c:\users\$soderind\desktop\electionmonitoring\electionmonitoring.tests\bin\debug\electionmonitoring.tests.dll" id="65df5bb9-4dd4-1645-21c7-17ac35e234c8">
      <Execution id="9ef77d8e-d019-4758-8592-5d6d18a2e59a" />
      <TestMethod codeBase="C:\Users\$soderind\Desktop\ElectionMonitoring\ElectionMonitoring.Tests\bin\Debug\ElectionMonitoring.Tests.dll" adapterTypeName="Microsoft.VisualStudio.TestTools.TestTypes.Unit.UnitTestAdapter, Microsoft.VisualStudio.QualityTools.Tips.UnitTest.Adapter, Version=10.0.0.0, Culture=neutral, PublicKeyToken=b03f5f7f11d50a3a" className="ElectionMonitoring.Tests.Controllers.DonationManagementControllerTest, ElectionMonitoring.Tests" name="GetDonation_Action_Returns_Valid_Donation_Object" />
    </UnitTest>
    <UnitTest name="GetSubRegions_Call_Repository" storage="c:\users\$soderind\desktop\electionmonitoring\electionmonitoring.tests\bin\debug\electionmonitoring.tests.dll" id="c3279829-ee3c-ba3c-8526-47c144a3e824">
      <Execution id="7c29c5f9-626b-4600-a8fd-b4b9ad6f7a77" />
      <TestMethod codeBase="C:\Users\$soderind\Desktop\ElectionMonitoring\ElectionMonitoring.Tests\bin\Debug\ElectionMonitoring.Tests.dll" adapterTypeName="Microsoft.VisualStudio.TestTools.TestTypes.Unit.UnitTestAdapter, Microsoft.VisualStudio.QualityTools.Tips.UnitTest.Adapter, Version=10.0.0.0, Culture=neutral, PublicKeyToken=b03f5f7f11d50a3a" className="ElectionMonitoring.Tests.Controllers.ElectionMonitoringControllerTest, ElectionMonitoring.Tests" name="GetSubRegions_Call_Repository" />
    </UnitTest>
    <UnitTest name="GetDonor_Action_Returns_Valid_Donor_Object" storage="c:\users\$soderind\desktop\electionmonitoring\electionmonitoring.tests\bin\debug\electionmonitoring.tests.dll" id="7dd265f7-9d07-8ade-0348-2149d46dc9d5">
      <Execution id="3f1155dc-9aa6-4cea-88e8-422cf64bf3d6" />
      <TestMethod codeBase="C:\Users\$soderind\Desktop\ElectionMonitoring\ElectionMonitoring.Tests\bin\Debug\ElectionMonitoring.Tests.dll" adapterTypeName="Microsoft.VisualStudio.TestTools.TestTypes.Unit.UnitTestAdapter, Microsoft.VisualStudio.QualityTools.Tips.UnitTest.Adapter, Version=10.0.0.0, Culture=neutral, PublicKeyToken=b03f5f7f11d50a3a" className="ElectionMonitoring.Tests.Controllers.DonationManagementControllerTest, ElectionMonitoring.Tests" name="GetDonor_Action_Returns_Valid_Donor_Object" />
    </UnitTest>
    <UnitTest name="ApiRegionByRegionID" storage="c:\users\$soderind\desktop\electionmonitoring\electionmonitoring.tests\bin\debug\electionmonitoring.tests.dll" id="9971ac9b-8af4-4322-6175-426f299a2445">
      <Execution id="ef58157c-488c-4e72-9e75-fb6820d8b869" />
      <TestMethod codeBase="C:\Users\$soderind\Desktop\ElectionMonitoring\ElectionMonitoring.Tests\bin\Debug\ElectionMonitoring.Tests.dll" adapterTypeName="Microsoft.VisualStudio.TestTools.TestTypes.Unit.UnitTestAdapter, Microsoft.VisualStudio.QualityTools.Tips.UnitTest.Adapter, Version=10.0.0.0, Culture=neutral, PublicKeyToken=b03f5f7f11d50a3a" className="ElectionMonitoring.Tests.RoutingTableTest, ElectionMonitoring.Tests" name="ApiRegionByRegionID" />
    </UnitTest>
    <UnitTest name="The_PutDonation_Action_returns_Ok_statuscode_When_The_Donation_Exists" storage="c:\users\$soderind\desktop\electionmonitoring\electionmonitoring.tests\bin\debug\electionmonitoring.tests.dll" id="7d8fc65f-f4a6-b1a3-7b47-e43f33a92562">
      <Execution id="d356241e-fde8-4c3b-9108-9ed9edc5441d" />
      <TestMethod codeBase="C:\Users\$soderind\Desktop\ElectionMonitoring\ElectionMonitoring.Tests\bin\Debug\ElectionMonitoring.Tests.dll" adapterTypeName="Microsoft.VisualStudio.TestTools.TestTypes.Unit.UnitTestAdapter, Microsoft.VisualStudio.QualityTools.Tips.UnitTest.Adapter, Version=10.0.0.0, Culture=neutral, PublicKeyToken=b03f5f7f11d50a3a" className="ElectionMonitoring.Tests.Controllers.DonationManagementControllerTest, ElectionMonitoring.Tests" name="The_PutDonation_Action_returns_Ok_statuscode_When_The_Donation_Exists" />
    </UnitTest>
    <UnitTest name="DeleteDonation_Calls_Repository_Delete" storage="c:\users\$soderind\desktop\electionmonitoring\electionmonitoring.tests\bin\debug\electionmonitoring.tests.dll" id="1c44bc22-b59f-f539-ec19-5fd2120db422">
      <Execution id="b2c454e2-715d-4737-aead-d8e15693462a" />
      <TestMethod codeBase="C:\Users\$soderind\Desktop\ElectionMonitoring\ElectionMonitoring.Tests\bin\Debug\ElectionMonitoring.Tests.dll" adapterTypeName="Microsoft.VisualStudio.TestTools.TestTypes.Unit.UnitTestAdapter, Microsoft.VisualStudio.QualityTools.Tips.UnitTest.Adapter, Version=10.0.0.0, Culture=neutral, PublicKeyToken=b03f5f7f11d50a3a" className="ElectionMonitoring.Tests.Controllers.DonationManagementControllerTest, ElectionMonitoring.Tests" name="DeleteDonation_Calls_Repository_Delete" />
    </UnitTest>
    <UnitTest name="GetDonors_Action_Returns_Valid_IEnumerable_Of_Donors" storage="c:\users\$soderind\desktop\electionmonitoring\electionmonitoring.tests\bin\debug\electionmonitoring.tests.dll" id="68e8d230-911d-2bcc-fc59-a44ca32e2df4">
      <Execution id="4733b215-b1e0-431b-bff4-28fcf443c4a0" />
      <TestMethod codeBase="C:\Users\$soderind\Desktop\ElectionMonitoring\ElectionMonitoring.Tests\bin\Debug\ElectionMonitoring.Tests.dll" adapterTypeName="Microsoft.VisualStudio.TestTools.TestTypes.Unit.UnitTestAdapter, Microsoft.VisualStudio.QualityTools.Tips.UnitTest.Adapter, Version=10.0.0.0, Culture=neutral, PublicKeyToken=b03f5f7f11d50a3a" className="ElectionMonitoring.Tests.Controllers.DonationManagementControllerTest, ElectionMonitoring.Tests" name="GetDonors_Action_Returns_Valid_IEnumerable_Of_Donors" />
    </UnitTest>
    <UnitTest name="The_PutProject_Action_returns_Ok_statuscode_When_The_Project_Exists" storage="c:\users\$soderind\desktop\electionmonitoring\electionmonitoring.tests\bin\debug\electionmonitoring.tests.dll" id="ef0d621c-d01b-c22b-9aed-7fcbcdac42a0">
      <Execution id="4d061d04-dc89-496f-99e8-20f918c9948b" />
      <TestMethod codeBase="C:\Users\$soderind\Desktop\ElectionMonitoring\ElectionMonitoring.Tests\bin\Debug\ElectionMonitoring.Tests.dll" adapterTypeName="Microsoft.VisualStudio.TestTools.TestTypes.Unit.UnitTestAdapter, Microsoft.VisualStudio.QualityTools.Tips.UnitTest.Adapter, Version=10.0.0.0, Culture=neutral, PublicKeyToken=b03f5f7f11d50a3a" className="ElectionMonitoring.Tests.Controllers.DonationManagementControllerTest, ElectionMonitoring.Tests" name="The_PutProject_Action_returns_Ok_statuscode_When_The_Project_Exists" />
    </UnitTest>
    <UnitTest name="RaceResultsRouteWithRaceIDNoRegionCode" storage="c:\users\$soderind\desktop\electionmonitoring\electionmonitoring.tests\bin\debug\electionmonitoring.tests.dll" id="ff470440-325c-eac0-2dea-bc76ebb70ee8">
      <Execution id="c802b51b-a338-40c3-96b0-4134a1007c24" />
      <TestMethod codeBase="C:\Users\$soderind\Desktop\ElectionMonitoring\ElectionMonitoring.Tests\bin\Debug\ElectionMonitoring.Tests.dll" adapterTypeName="Microsoft.VisualStudio.TestTools.TestTypes.Unit.UnitTestAdapter, Microsoft.VisualStudio.QualityTools.Tips.UnitTest.Adapter, Version=10.0.0.0, Culture=neutral, PublicKeyToken=b03f5f7f11d50a3a" className="ElectionMonitoring.Tests.RoutingTableTest, ElectionMonitoring.Tests" name="RaceResultsRouteWithRaceIDNoRegionCode" />
    </UnitTest>
    <UnitTest name="The_PuProject_Action_returns_NotFound_statuscode_When_The_Project_Does_NOT_Exists" storage="c:\users\$soderind\desktop\electionmonitoring\electionmonitoring.tests\bin\debug\electionmonitoring.tests.dll" id="b3ef6052-309d-ade2-08ad-e479135668de">
      <Execution id="6fdd6da3-e7b2-4ce3-abb4-6cfa9f3bbc68" />
      <TestMethod codeBase="C:\Users\$soderind\Desktop\ElectionMonitoring\ElectionMonitoring.Tests\bin\Debug\ElectionMonitoring.Tests.dll" adapterTypeName="Microsoft.VisualStudio.TestTools.TestTypes.Unit.UnitTestAdapter, Microsoft.VisualStudio.QualityTools.Tips.UnitTest.Adapter, Version=10.0.0.0, Culture=neutral, PublicKeyToken=b03f5f7f11d50a3a" className="ElectionMonitoring.Tests.Controllers.DonationManagementControllerTest, ElectionMonitoring.Tests" name="The_PuProject_Action_returns_NotFound_statuscode_When_The_Project_Does_NOT_Exists" />
    </UnitTest>
    <UnitTest name="GetDonations_Action_Returns_Valid_IEnumerable_Of_Donations" storage="c:\users\$soderind\desktop\electionmonitoring\electionmonitoring.tests\bin\debug\electionmonitoring.tests.dll" id="8c893d5b-e235-59f6-ab6a-ee1ad82644dc">
      <Execution id="d475e59c-7e0b-4549-ac38-51dd1f612f55" />
      <TestMethod codeBase="C:\Users\$soderind\Desktop\ElectionMonitoring\ElectionMonitoring.Tests\bin\Debug\ElectionMonitoring.Tests.dll" adapterTypeName="Microsoft.VisualStudio.TestTools.TestTypes.Unit.UnitTestAdapter, Microsoft.VisualStudio.QualityTools.Tips.UnitTest.Adapter, Version=10.0.0.0, Culture=neutral, PublicKeyToken=b03f5f7f11d50a3a" className="ElectionMonitoring.Tests.Controllers.DonationManagementControllerTest, ElectionMonitoring.Tests" name="GetDonations_Action_Returns_Valid_IEnumerable_Of_Donations" />
    </UnitTest>
    <UnitTest name="GetProjects_Action_Returns_Valid_IEnumerable_Of_Projects" storage="c:\users\$soderind\desktop\electionmonitoring\electionmonitoring.tests\bin\debug\electionmonitoring.tests.dll" id="865ac6eb-d460-2fd1-936b-453d007f3019">
      <Execution id="eec5eae5-75d9-42eb-81d3-4d0753befea7" />
      <TestMethod codeBase="C:\Users\$soderind\Desktop\ElectionMonitoring\ElectionMonitoring.Tests\bin\Debug\ElectionMonitoring.Tests.dll" adapterTypeName="Microsoft.VisualStudio.TestTools.TestTypes.Unit.UnitTestAdapter, Microsoft.VisualStudio.QualityTools.Tips.UnitTest.Adapter, Version=10.0.0.0, Culture=neutral, PublicKeyToken=b03f5f7f11d50a3a" className="ElectionMonitoring.Tests.Controllers.DonationManagementControllerTest, ElectionMonitoring.Tests" name="GetProjects_Action_Returns_Valid_IEnumerable_Of_Projects" />
    </UnitTest>
    <UnitTest name="GetProject_Action_Returns_Valid_Project_Object" storage="c:\users\$soderind\desktop\electionmonitoring\electionmonitoring.tests\bin\debug\electionmonitoring.tests.dll" id="c56c1a40-dc8f-ca75-4fff-47c61774a542">
      <Execution id="b82fa1b3-d460-4db9-9192-901a58a7f9ea" />
      <TestMethod codeBase="C:\Users\$soderind\Desktop\ElectionMonitoring\ElectionMonitoring.Tests\bin\Debug\ElectionMonitoring.Tests.dll" adapterTypeName="Microsoft.VisualStudio.TestTools.TestTypes.Unit.UnitTestAdapter, Microsoft.VisualStudio.QualityTools.Tips.UnitTest.Adapter, Version=10.0.0.0, Culture=neutral, PublicKeyToken=b03f5f7f11d50a3a" className="ElectionMonitoring.Tests.Controllers.DonationManagementControllerTest, ElectionMonitoring.Tests" name="GetProject_Action_Returns_Valid_Project_Object" />
    </UnitTest>
    <UnitTest name="RaceResultsRouteWithRaceIDWithRegionCode" storage="c:\users\$soderind\desktop\electionmonitoring\electionmonitoring.tests\bin\debug\electionmonitoring.tests.dll" id="159b4dab-a820-ef8b-03e3-e166bb7aa697">
      <Execution id="c655e6b8-7de6-4832-adaf-362cefd1d69a" />
      <TestMethod codeBase="C:\Users\$soderind\Desktop\ElectionMonitoring\ElectionMonitoring.Tests\bin\Debug\ElectionMonitoring.Tests.dll" adapterTypeName="Microsoft.VisualStudio.TestTools.TestTypes.Unit.UnitTestAdapter, Microsoft.VisualStudio.QualityTools.Tips.UnitTest.Adapter, Version=10.0.0.0, Culture=neutral, PublicKeyToken=b03f5f7f11d50a3a" className="ElectionMonitoring.Tests.RoutingTableTest, ElectionMonitoring.Tests" name="RaceResultsRouteWithRaceIDWithRegionCode" />
    </UnitTest>
    <UnitTest name="GetRegions_Call_Repository" storage="c:\users\$soderind\desktop\electionmonitoring\electionmonitoring.tests\bin\debug\electionmonitoring.tests.dll" id="d5569fc8-9dc8-fb53-b363-b33a833a4ebe">
      <Execution id="b180977a-5a64-4400-83c2-6331d1709475" />
      <TestMethod codeBase="C:\Users\$soderind\Desktop\ElectionMonitoring\ElectionMonitoring.Tests\bin\Debug\ElectionMonitoring.Tests.dll" adapterTypeName="Microsoft.VisualStudio.TestTools.TestTypes.Unit.UnitTestAdapter, Microsoft.VisualStudio.QualityTools.Tips.UnitTest.Adapter, Version=10.0.0.0, Culture=neutral, PublicKeyToken=b03f5f7f11d50a3a" className="ElectionMonitoring.Tests.Controllers.ElectionMonitoringControllerTest, ElectionMonitoring.Tests" name="GetRegions_Call_Repository" />
    </UnitTest>
    <UnitTest name="The_PutDonation_Action_returns_NotFound_statuscode_When_The_Donation_Does_NOT_Exists" storage="c:\users\$soderind\desktop\electionmonitoring\electionmonitoring.tests\bin\debug\electionmonitoring.tests.dll" id="ee0a6863-be1b-85c8-bc2f-6f867fd6b733">
      <Execution id="f854bb8b-4039-47e6-a8fc-87c36d9c4269" />
      <TestMethod codeBase="C:\Users\$soderind\Desktop\ElectionMonitoring\ElectionMonitoring.Tests\bin\Debug\ElectionMonitoring.Tests.dll" adapterTypeName="Microsoft.VisualStudio.TestTools.TestTypes.Unit.UnitTestAdapter, Microsoft.VisualStudio.QualityTools.Tips.UnitTest.Adapter, Version=10.0.0.0, Culture=neutral, PublicKeyToken=b03f5f7f11d50a3a" className="ElectionMonitoring.Tests.Controllers.DonationManagementControllerTest, ElectionMonitoring.Tests" name="The_PutDonation_Action_returns_NotFound_statuscode_When_The_Donation_Does_NOT_Exists" />
    </UnitTest>
    <UnitTest name="The_PutDonor_Action_returns_NotFound_statuscode_When_The_Donor_Does_NOT_Exists" storage="c:\users\$soderind\desktop\electionmonitoring\electionmonitoring.tests\bin\debug\electionmonitoring.tests.dll" id="c1675eff-1027-225e-4797-052da164c009">
      <Execution id="557d6a45-7e26-4da8-ba98-269eb7f937b8" />
      <TestMethod codeBase="C:\Users\$soderind\Desktop\ElectionMonitoring\ElectionMonitoring.Tests\bin\Debug\ElectionMonitoring.Tests.dll" adapterTypeName="Microsoft.VisualStudio.TestTools.TestTypes.Unit.UnitTestAdapter, Microsoft.VisualStudio.QualityTools.Tips.UnitTest.Adapter, Version=10.0.0.0, Culture=neutral, PublicKeyToken=b03f5f7f11d50a3a" className="ElectionMonitoring.Tests.Controllers.DonationManagementControllerTest, ElectionMonitoring.Tests" name="The_PutDonor_Action_returns_NotFound_statuscode_When_The_Donor_Does_NOT_Exists" />
    </UnitTest>
    <UnitTest name="AboutApi" storage="c:\users\$soderind\desktop\electionmonitoring\electionmonitoring.tests\bin\debug\electionmonitoring.tests.dll" id="da711f7c-1243-e35e-80c6-034a98df079e">
      <Execution id="68ac51b4-b5c6-4595-95c1-11926cdc020a" />
      <TestMethod codeBase="C:\Users\$soderind\Desktop\ElectionMonitoring\ElectionMonitoring.Tests\bin\Debug\ElectionMonitoring.Tests.dll" adapterTypeName="Microsoft.VisualStudio.TestTools.TestTypes.Unit.UnitTestAdapter, Microsoft.VisualStudio.QualityTools.Tips.UnitTest.Adapter, Version=10.0.0.0, Culture=neutral, PublicKeyToken=b03f5f7f11d50a3a" className="ElectionMonitoring.Tests.RoutingTableTest, ElectionMonitoring.Tests" name="AboutApi" />
    </UnitTest>
    <UnitTest name="DeleteProject_Calls_Repository_Delete" storage="c:\users\$soderind\desktop\electionmonitoring\electionmonitoring.tests\bin\debug\electionmonitoring.tests.dll" id="f3aa8643-ca1d-3a9a-dada-708561fc7822">
      <Execution id="c4b4ac66-0d22-4ed5-b0ab-7ff459891f07" />
      <TestMethod codeBase="C:\Users\$soderind\Desktop\ElectionMonitoring\ElectionMonitoring.Tests\bin\Debug\ElectionMonitoring.Tests.dll" adapterTypeName="Microsoft.VisualStudio.TestTools.TestTypes.Unit.UnitTestAdapter, Microsoft.VisualStudio.QualityTools.Tips.UnitTest.Adapter, Version=10.0.0.0, Culture=neutral, PublicKeyToken=b03f5f7f11d50a3a" className="ElectionMonitoring.Tests.Controllers.DonationManagementControllerTest, ElectionMonitoring.Tests" name="DeleteProject_Calls_Repository_Delete" />
    </UnitTest>
    <UnitTest name="GetRaces_Call_Repository" storage="c:\users\$soderind\desktop\electionmonitoring\electionmonitoring.tests\bin\debug\electionmonitoring.tests.dll" id="707aa8b8-620b-08fb-f2d9-b1bafaf0e5dc">
      <Execution id="71d53132-7db4-49f0-bcb8-7ba51ff0b50c" />
      <TestMethod codeBase="C:\Users\$soderind\Desktop\ElectionMonitoring\ElectionMonitoring.Tests\bin\Debug\ElectionMonitoring.Tests.dll" adapterTypeName="Microsoft.VisualStudio.TestTools.TestTypes.Unit.UnitTestAdapter, Microsoft.VisualStudio.QualityTools.Tips.UnitTest.Adapter, Version=10.0.0.0, Culture=neutral, PublicKeyToken=b03f5f7f11d50a3a" className="ElectionMonitoring.Tests.Controllers.ElectionMonitoringControllerTest, ElectionMonitoring.Tests" name="GetRaces_Call_Repository" />
    </UnitTest>
    <UnitTest name="ApiRegionByRegionCode" storage="c:\users\$soderind\desktop\electionmonitoring\electionmonitoring.tests\bin\debug\electionmonitoring.tests.dll" id="4445be88-fb8c-c60a-2eaa-87da02bd474a">
      <Execution id="3bdd2bfb-5642-4ad7-9c3d-253819d1832a" />
      <TestMethod codeBase="C:\Users\$soderind\Desktop\ElectionMonitoring\ElectionMonitoring.Tests\bin\Debug\ElectionMonitoring.Tests.dll" adapterTypeName="Microsoft.VisualStudio.TestTools.TestTypes.Unit.UnitTestAdapter, Microsoft.VisualStudio.QualityTools.Tips.UnitTest.Adapter, Version=10.0.0.0, Culture=neutral, PublicKeyToken=b03f5f7f11d50a3a" className="ElectionMonitoring.Tests.RoutingTableTest, ElectionMonitoring.Tests" name="ApiRegionByRegionCode" />
    </UnitTest>
    <UnitTest name="The_PostDonation_Action_returns_created_statuscode" storage="c:\users\$soderind\desktop\electionmonitoring\electionmonitoring.tests\bin\debug\electionmonitoring.tests.dll" id="a22ad01c-c920-2e3c-d112-b54a814be347">
      <Execution id="51c9703c-2e1c-4ebf-8777-e5135f7bb3fc" />
      <TestMethod codeBase="C:\Users\$soderind\Desktop\ElectionMonitoring\ElectionMonitoring.Tests\bin\Debug\ElectionMonitoring.Tests.dll" adapterTypeName="Microsoft.VisualStudio.TestTools.TestTypes.Unit.UnitTestAdapter, Microsoft.VisualStudio.QualityTools.Tips.UnitTest.Adapter, Version=10.0.0.0, Culture=neutral, PublicKeyToken=b03f5f7f11d50a3a" className="ElectionMonitoring.Tests.Controllers.DonationManagementControllerTest, ElectionMonitoring.Tests" name="The_PostDonation_Action_returns_created_statuscode" />
    </UnitTest>
    <UnitTest name="DefaultRouteConfigTest" storage="c:\users\$soderind\desktop\electionmonitoring\electionmonitoring.tests\bin\debug\electionmonitoring.tests.dll" id="f0bc23ef-7129-c10c-aafa-81af67c2e566">
      <Execution id="ceb25b0a-7619-4520-bb99-6fab819589be" />
      <TestMethod codeBase="C:\Users\$soderind\Desktop\ElectionMonitoring\ElectionMonitoring.Tests\bin\Debug\ElectionMonitoring.Tests.dll" adapterTypeName="Microsoft.VisualStudio.TestTools.TestTypes.Unit.UnitTestAdapter, Microsoft.VisualStudio.QualityTools.Tips.UnitTest.Adapter, Version=10.0.0.0, Culture=neutral, PublicKeyToken=b03f5f7f11d50a3a" className="ElectionMonitoring.Tests.RoutingTableTest, ElectionMonitoring.Tests" name="DefaultRouteConfigTest" />
    </UnitTest>
    <UnitTest name="ActionApiRouteWithControllerWithActionWithId" storage="c:\users\$soderind\desktop\electionmonitoring\electionmonitoring.tests\bin\debug\electionmonitoring.tests.dll" id="7c3783ce-a97d-490a-a12f-d8d8ce510f38">
      <Execution id="153daa9b-bb86-4f0f-921c-38df7323c6ae" />
      <TestMethod codeBase="C:\Users\$soderind\Desktop\ElectionMonitoring\ElectionMonitoring.Tests\bin\Debug\ElectionMonitoring.Tests.dll" adapterTypeName="Microsoft.VisualStudio.TestTools.TestTypes.Unit.UnitTestAdapter, Microsoft.VisualStudio.QualityTools.Tips.UnitTest.Adapter, Version=10.0.0.0, Culture=neutral, PublicKeyToken=b03f5f7f11d50a3a" className="ElectionMonitoring.Tests.RoutingTableTest, ElectionMonitoring.Tests" name="ActionApiRouteWithControllerWithActionWithId" />
    </UnitTest>
  </TestDefinitions>
  <TestLists>
    <TestList name="Results Not in a List" id="8c84fa94-04c1-424b-9868-57a2d4851a1d" />
    <TestList name="All Loaded Results" id="19431567-8539-422a-85d7-44ee4e166bda" />
  </TestLists>
  <TestEntries>
    <TestEntry testId="159b4dab-a820-ef8b-03e3-e166bb7aa697" executionId="c655e6b8-7de6-4832-adaf-362cefd1d69a" testListId="8c84fa94-04c1-424b-9868-57a2d4851a1d" />
    <TestEntry testId="1c44bc22-b59f-f539-ec19-5fd2120db422" executionId="b2c454e2-715d-4737-aead-d8e15693462a" testListId="8c84fa94-04c1-424b-9868-57a2d4851a1d" />
    <TestEntry testId="4445be88-fb8c-c60a-2eaa-87da02bd474a" executionId="3bdd2bfb-5642-4ad7-9c3d-253819d1832a" testListId="8c84fa94-04c1-424b-9868-57a2d4851a1d" />
    <TestEntry testId="48b32990-b6f6-c4e2-d159-89a1d8ae6010" executionId="66dc2b41-2dcd-44c5-911b-cab5c272a76a" testListId="8c84fa94-04c1-424b-9868-57a2d4851a1d" />
    <TestEntry testId="5e06bedb-74cb-cfdf-fdc3-bcf4ff14a610" executionId="9c09e642-1505-42ba-a666-fcf6884d2d79" testListId="8c84fa94-04c1-424b-9868-57a2d4851a1d" />
    <TestEntry testId="64d792df-a24a-5789-132c-4457503d92af" executionId="f33abdbc-50aa-404b-b1cb-9ed88dbe18e3" testListId="8c84fa94-04c1-424b-9868-57a2d4851a1d" />
    <TestEntry testId="65df5bb9-4dd4-1645-21c7-17ac35e234c8" executionId="9ef77d8e-d019-4758-8592-5d6d18a2e59a" testListId="8c84fa94-04c1-424b-9868-57a2d4851a1d" />
    <TestEntry testId="68e8d230-911d-2bcc-fc59-a44ca32e2df4" executionId="4733b215-b1e0-431b-bff4-28fcf443c4a0" testListId="8c84fa94-04c1-424b-9868-57a2d4851a1d" />
    <TestEntry testId="707aa8b8-620b-08fb-f2d9-b1bafaf0e5dc" executionId="71d53132-7db4-49f0-bcb8-7ba51ff0b50c" testListId="8c84fa94-04c1-424b-9868-57a2d4851a1d" />
    <TestEntry testId="7c3783ce-a97d-490a-a12f-d8d8ce510f38" executionId="153daa9b-bb86-4f0f-921c-38df7323c6ae" testListId="8c84fa94-04c1-424b-9868-57a2d4851a1d" />
    <TestEntry testId="7d8fc65f-f4a6-b1a3-7b47-e43f33a92562" executionId="d356241e-fde8-4c3b-9108-9ed9edc5441d" testListId="8c84fa94-04c1-424b-9868-57a2d4851a1d" />
    <TestEntry testId="7dd265f7-9d07-8ade-0348-2149d46dc9d5" executionId="3f1155dc-9aa6-4cea-88e8-422cf64bf3d6" testListId="8c84fa94-04c1-424b-9868-57a2d4851a1d" />
    <TestEntry testId="865ac6eb-d460-2fd1-936b-453d007f3019" executionId="eec5eae5-75d9-42eb-81d3-4d0753befea7" testListId="8c84fa94-04c1-424b-9868-57a2d4851a1d" />
    <TestEntry testId="8c893d5b-e235-59f6-ab6a-ee1ad82644dc" executionId="d475e59c-7e0b-4549-ac38-51dd1f612f55" testListId="8c84fa94-04c1-424b-9868-57a2d4851a1d" />
    <TestEntry testId="9971ac9b-8af4-4322-6175-426f299a2445" executionId="ef58157c-488c-4e72-9e75-fb6820d8b869" testListId="8c84fa94-04c1-424b-9868-57a2d4851a1d" />
    <TestEntry testId="a22ad01c-c920-2e3c-d112-b54a814be347" executionId="51c9703c-2e1c-4ebf-8777-e5135f7bb3fc" testListId="8c84fa94-04c1-424b-9868-57a2d4851a1d" />
    <TestEntry testId="b3ef6052-309d-ade2-08ad-e479135668de" executionId="6fdd6da3-e7b2-4ce3-abb4-6cfa9f3bbc68" testListId="8c84fa94-04c1-424b-9868-57a2d4851a1d" />
    <TestEntry testId="b8e6b3d3-519a-f501-1bfa-73a460c9d52a" executionId="c1dd6118-821d-4919-ae3a-71fa929448aa" testListId="8c84fa94-04c1-424b-9868-57a2d4851a1d" />
    <TestEntry testId="c1675eff-1027-225e-4797-052da164c009" executionId="557d6a45-7e26-4da8-ba98-269eb7f937b8" testListId="8c84fa94-04c1-424b-9868-57a2d4851a1d" />
    <TestEntry testId="c30bd61f-af43-d801-0b27-45522346d753" executionId="d1f4a023-6215-488f-8b0b-9a809d1d2fb5" testListId="8c84fa94-04c1-424b-9868-57a2d4851a1d" />
    <TestEntry testId="c3279829-ee3c-ba3c-8526-47c144a3e824" executionId="7c29c5f9-626b-4600-a8fd-b4b9ad6f7a77" testListId="8c84fa94-04c1-424b-9868-57a2d4851a1d" />
    <TestEntry testId="c56c1a40-dc8f-ca75-4fff-47c61774a542" executionId="b82fa1b3-d460-4db9-9192-901a58a7f9ea" testListId="8c84fa94-04c1-424b-9868-57a2d4851a1d" />
    <TestEntry testId="d5569fc8-9dc8-fb53-b363-b33a833a4ebe" executionId="b180977a-5a64-4400-83c2-6331d1709475" testListId="8c84fa94-04c1-424b-9868-57a2d4851a1d" />
    <TestEntry testId="da711f7c-1243-e35e-80c6-034a98df079e" executionId="68ac51b4-b5c6-4595-95c1-11926cdc020a" testListId="8c84fa94-04c1-424b-9868-57a2d4851a1d" />
    <TestEntry testId="ee0a6863-be1b-85c8-bc2f-6f867fd6b733" executionId="f854bb8b-4039-47e6-a8fc-87c36d9c4269" testListId="8c84fa94-04c1-424b-9868-57a2d4851a1d" />
    <TestEntry testId="ef0d621c-d01b-c22b-9aed-7fcbcdac42a0" executionId="4d061d04-dc89-496f-99e8-20f918c9948b" testListId="8c84fa94-04c1-424b-9868-57a2d4851a1d" />
    <TestEntry testId="f0bc23ef-7129-c10c-aafa-81af67c2e566" executionId="ceb25b0a-7619-4520-bb99-6fab819589be" testListId="8c84fa94-04c1-424b-9868-57a2d4851a1d" />
    <TestEntry testId="f3aa8643-ca1d-3a9a-dada-708561fc7822" executionId="c4b4ac66-0d22-4ed5-b0ab-7ff459891f07" testListId="8c84fa94-04c1-424b-9868-57a2d4851a1d" />
    <TestEntry testId="ff470440-325c-eac0-2dea-bc76ebb70ee8" executionId="c802b51b-a338-40c3-96b0-4134a1007c24" testListId="8c84fa94-04c1-424b-9868-57a2d4851a1d" />
  </TestEntries>
  <Results>
    <UnitTestResult executionId="c655e6b8-7de6-4832-adaf-362cefd1d69a" testId="159b4dab-a820-ef8b-03e3-e166bb7aa697" testName="RaceResultsRouteWithRaceIDWithRegionCode" computerName="WGC1W79KCR65J" duration="00:00:00.2508986" startTime="2013-11-28T09:13:55.9401584+00:00" endTime="2013-11-28T09:13:57.0572701+00:00" testType="13cdc9d9-ddb5-4fa4-a97d-d965ccfc6d4b" outcome="Passed" testListId="8c84fa94-04c1-424b-9868-57a2d4851a1d" relativeResultsDirectory="c655e6b8-7de6-4832-adaf-362cefd1d69a">
    </UnitTestResult>
    <UnitTestResult executionId="b2c454e2-715d-4737-aead-d8e15693462a" testId="1c44bc22-b59f-f539-ec19-5fd2120db422" testName="DeleteDonation_Calls_Repository_Delete" computerName="WGC1W79KCR65J" duration="00:00:00.2194825" startTime="2013-11-28T09:13:57.0592703+00:00" endTime="2013-11-28T09:13:57.2802924+00:00" testType="13cdc9d9-ddb5-4fa4-a97d-d965ccfc6d4b" outcome="Passed" testListId="8c84fa94-04c1-424b-9868-57a2d4851a1d" relativeResultsDirectory="b2c454e2-715d-4737-aead-d8e15693462a">
    </UnitTestResult>
    <UnitTestResult executionId="3bdd2bfb-5642-4ad7-9c3d-253819d1832a" testId="4445be88-fb8c-c60a-2eaa-87da02bd474a" testName="ApiRegionByRegionCode" computerName="WGC1W79KCR65J" duration="00:00:00.1575142" startTime="2013-11-28T09:13:57.2822926+00:00" endTime="2013-11-28T09:13:57.4453089+00:00" testType="13cdc9d9-ddb5-4fa4-a97d-d965ccfc6d4b" outcome="Passed" testListId="8c84fa94-04c1-424b-9868-57a2d4851a1d" relativeResultsDirectory="3bdd2bfb-5642-4ad7-9c3d-253819d1832a">
    </UnitTestResult>
    <UnitTestResult executionId="66dc2b41-2dcd-44c5-911b-cab5c272a76a" testId="48b32990-b6f6-c4e2-d159-89a1d8ae6010" testName="DeleteDonor_Calls_Repository_Delete" computerName="WGC1W79KCR65J" duration="00:00:00.0069093" startTime="2013-11-28T09:13:57.4483092+00:00" endTime="2013-11-28T09:13:57.4573101+00:00" testType="13cdc9d9-ddb5-4fa4-a97d-d965ccfc6d4b" outcome="Passed" testListId="8c84fa94-04c1-424b-9868-57a2d4851a1d" relativeResultsDirectory="66dc2b41-2dcd-44c5-911b-cab5c272a76a">
    </UnitTestResult>
    <UnitTestResult executionId="9c09e642-1505-42ba-a666-fcf6884d2d79" testId="5e06bedb-74cb-cfdf-fdc3-bcf4ff14a610" testName="The_PutDonor_Action_returns_Ok_statuscode_When_The_Donor_Exists" computerName="WGC1W79KCR65J" duration="00:00:00.0080019" startTime="2013-11-28T09:13:57.4603104+00:00" endTime="2013-11-28T09:13:57.4753119+00:00" testType="13cdc9d9-ddb5-4fa4-a97d-d965ccfc6d4b" outcome="Passed" testListId="8c84fa94-04c1-424b-9868-57a2d4851a1d" relativeResultsDirectory="9c09e642-1505-42ba-a666-fcf6884d2d79">
    </UnitTestResult>
    <UnitTestResult executionId="f33abdbc-50aa-404b-b1cb-9ed88dbe18e3" testId="64d792df-a24a-5789-132c-4457503d92af" testName="The_PostDonor_Action_returns_created_statuscode" computerName="WGC1W79KCR65J" duration="00:00:00.3770646" startTime="2013-11-28T09:13:57.4773121+00:00" endTime="2013-11-28T09:13:57.9403584+00:00" testType="13cdc9d9-ddb5-4fa4-a97d-d965ccfc6d4b" outcome="Passed" testListId="8c84fa94-04c1-424b-9868-57a2d4851a1d" relativeResultsDirectory="f33abdbc-50aa-404b-b1cb-9ed88dbe18e3">
    </UnitTestResult>
    <UnitTestResult executionId="9ef77d8e-d019-4758-8592-5d6d18a2e59a" testId="65df5bb9-4dd4-1645-21c7-17ac35e234c8" testName="GetDonation_Action_Returns_Valid_Donation_Object" computerName="WGC1W79KCR65J" duration="00:00:00.1701319" startTime="2013-11-28T09:13:57.9803624+00:00" endTime="2013-11-28T09:13:58.3403984+00:00" testType="13cdc9d9-ddb5-4fa4-a97d-d965ccfc6d4b" outcome="Passed" testListId="8c84fa94-04c1-424b-9868-57a2d4851a1d" relativeResultsDirectory="9ef77d8e-d019-4758-8592-5d6d18a2e59a">
    </UnitTestResult>
    <UnitTestResult executionId="4733b215-b1e0-431b-bff4-28fcf443c4a0" testId="68e8d230-911d-2bcc-fc59-a44ca32e2df4" testName="GetDonors_Action_Returns_Valid_IEnumerable_Of_Donors" computerName="WGC1W79KCR65J" duration="00:00:00.1977102" startTime="2013-11-28T09:13:58.3854029+00:00" endTime="2013-11-28T09:13:58.6364280+00:00" testType="13cdc9d9-ddb5-4fa4-a97d-d965ccfc6d4b" outcome="Passed" testListId="8c84fa94-04c1-424b-9868-57a2d4851a1d" relativeResultsDirectory="4733b215-b1e0-431b-bff4-28fcf443c4a0">
    </UnitTestResult>
    <UnitTestResult executionId="71d53132-7db4-49f0-bcb8-7ba51ff0b50c" testId="707aa8b8-620b-08fb-f2d9-b1bafaf0e5dc" testName="GetRaces_Call_Repository" computerName="WGC1W79KCR65J" duration="00:00:00.2911366" startTime="2013-11-28T09:13:58.6834327+00:00" endTime="2013-11-28T09:13:59.2604904+00:00" testType="13cdc9d9-ddb5-4fa4-a97d-d965ccfc6d4b" outcome="Passed" testListId="8c84fa94-04c1-424b-9868-57a2d4851a1d" relativeResultsDirectory="71d53132-7db4-49f0-bcb8-7ba51ff0b50c">
    </UnitTestResult>
    <UnitTestResult executionId="153daa9b-bb86-4f0f-921c-38df7323c6ae" testId="7c3783ce-a97d-490a-a12f-d8d8ce510f38" testName="ActionApiRouteWithControllerWithActionWithId" computerName="WGC1W79KCR65J" duration="00:00:00.0270350" startTime="2013-11-28T09:13:59.2924936+00:00" endTime="2013-11-28T09:13:59.5825226+00:00" testType="13cdc9d9-ddb5-4fa4-a97d-d965ccfc6d4b" outcome="Passed" testListId="8c84fa94-04c1-424b-9868-57a2d4851a1d" relativeResultsDirectory="153daa9b-bb86-4f0f-921c-38df7323c6ae">
    </UnitTestResult>
    <UnitTestResult executionId="d356241e-fde8-4c3b-9108-9ed9edc5441d" testId="7d8fc65f-f4a6-b1a3-7b47-e43f33a92562" testName="The_PutDonation_Action_returns_Ok_statuscode_When_The_Donation_Exists" computerName="WGC1W79KCR65J" duration="00:00:00.4075484" startTime="2013-11-28T09:13:59.7515395+00:00" endTime="2013-11-28T09:14:00.4016045+00:00" testType="13cdc9d9-ddb5-4fa4-a97d-d965ccfc6d4b" outcome="Passed" testListId="8c84fa94-04c1-424b-9868-57a2d4851a1d" relativeResultsDirectory="d356241e-fde8-4c3b-9108-9ed9edc5441d">
    </UnitTestResult>
    <UnitTestResult executionId="3f1155dc-9aa6-4cea-88e8-422cf64bf3d6" testId="7dd265f7-9d07-8ade-0348-2149d46dc9d5" testName="GetDonor_Action_Returns_Valid_Donor_Object" computerName="WGC1W79KCR65J" duration="00:00:00.5842324" startTime="2013-11-28T09:14:00.4476091+00:00" endTime="2013-11-28T09:14:01.2996943+00:00" testType="13cdc9d9-ddb5-4fa4-a97d-d965ccfc6d4b" outcome="Passed" testListId="8c84fa94-04c1-424b-9868-57a2d4851a1d" relativeResultsDirectory="3f1155dc-9aa6-4cea-88e8-422cf64bf3d6">
    </UnitTestResult>
    <UnitTestResult executionId="eec5eae5-75d9-42eb-81d3-4d0753befea7" testId="865ac6eb-d460-2fd1-936b-453d007f3019" testName="GetProjects_Action_Returns_Valid_IEnumerable_Of_Projects" computerName="WGC1W79KCR65J" duration="00:00:00.2081808" startTime="2013-11-28T09:14:01.3687012+00:00" endTime="2013-11-28T09:14:01.9177561+00:00" testType="13cdc9d9-ddb5-4fa4-a97d-d965ccfc6d4b" outcome="Passed" testListId="8c84fa94-04c1-424b-9868-57a2d4851a1d" relativeResultsDirectory="eec5eae5-75d9-42eb-81d3-4d0753befea7">
    </UnitTestResult>
    <UnitTestResult executionId="d475e59c-7e0b-4549-ac38-51dd1f612f55" testId="8c893d5b-e235-59f6-ab6a-ee1ad82644dc" testName="GetDonations_Action_Returns_Valid_IEnumerable_Of_Donations" computerName="WGC1W79KCR65J" duration="00:00:00.2314182" startTime="2013-11-28T09:14:01.9437587+00:00" endTime="2013-11-28T09:14:02.4838127+00:00" testType="13cdc9d9-ddb5-4fa4-a97d-d965ccfc6d4b" outcome="Passed" testListId="8c84fa94-04c1-424b-9868-57a2d4851a1d" relativeResultsDirectory="d475e59c-7e0b-4549-ac38-51dd1f612f55">
    </UnitTestResult>
    <UnitTestResult executionId="ef58157c-488c-4e72-9e75-fb6820d8b869" testId="9971ac9b-8af4-4322-6175-426f299a2445" testName="ApiRegionByRegionID" computerName="WGC1W79KCR65J" duration="00:00:00.4167994" startTime="2013-11-28T09:14:02.6098253+00:00" endTime="2013-11-28T09:14:03.2768920+00:00" testType="13cdc9d9-ddb5-4fa4-a97d-d965ccfc6d4b" outcome="Passed" testListId="8c84fa94-04c1-424b-9868-57a2d4851a1d" relativeResultsDirectory="ef58157c-488c-4e72-9e75-fb6820d8b869">
    </UnitTestResult>
    <UnitTestResult executionId="51c9703c-2e1c-4ebf-8777-e5135f7bb3fc" testId="a22ad01c-c920-2e3c-d112-b54a814be347" testName="The_PostDonation_Action_returns_created_statuscode" computerName="WGC1W79KCR65J" duration="00:00:00.4579614" startTime="2013-11-28T09:14:03.2908934+00:00" endTime="2013-11-28T09:14:03.9619605+00:00" testType="13cdc9d9-ddb5-4fa4-a97d-d965ccfc6d4b" outcome="Passed" testListId="8c84fa94-04c1-424b-9868-57a2d4851a1d" relativeResultsDirectory="51c9703c-2e1c-4ebf-8777-e5135f7bb3fc">
    </UnitTestResult>
    <UnitTestResult executionId="6fdd6da3-e7b2-4ce3-abb4-6cfa9f3bbc68" testId="b3ef6052-309d-ade2-08ad-e479135668de" testName="The_PuProject_Action_returns_NotFound_statuscode_When_The_Project_Does_NOT_Exists" computerName="WGC1W79KCR65J" duration="00:00:00.3640185" startTime="2013-11-28T09:14:04.1609804+00:00" endTime="2013-11-28T09:14:04.8050448+00:00" testType="13cdc9d9-ddb5-4fa4-a97d-d965ccfc6d4b" outcome="Passed" testListId="8c84fa94-04c1-424b-9868-57a2d4851a1d" relativeResultsDirectory="6fdd6da3-e7b2-4ce3-abb4-6cfa9f3bbc68">
    </UnitTestResult>
    <UnitTestResult executionId="c1dd6118-821d-4919-ae3a-71fa929448aa" testId="b8e6b3d3-519a-f501-1bfa-73a460c9d52a" testName="ActionApiRouteWithControllerWithActionNoId" computerName="WGC1W79KCR65J" duration="00:00:00.0785005" startTime="2013-11-28T09:14:04.8310474+00:00" endTime="2013-11-28T09:14:05.8941537+00:00" testType="13cdc9d9-ddb5-4fa4-a97d-d965ccfc6d4b" outcome="Passed" testListId="8c84fa94-04c1-424b-9868-57a2d4851a1d" relativeResultsDirectory="c1dd6118-821d-4919-ae3a-71fa929448aa">
    </UnitTestResult>
    <UnitTestResult executionId="557d6a45-7e26-4da8-ba98-269eb7f937b8" testId="c1675eff-1027-225e-4797-052da164c009" testName="The_PutDonor_Action_returns_NotFound_statuscode_When_The_Donor_Does_NOT_Exists" computerName="WGC1W79KCR65J" duration="00:00:00.3395470" startTime="2013-11-28T09:14:05.9681611+00:00" endTime="2013-11-28T09:14:06.5252168+00:00" testType="13cdc9d9-ddb5-4fa4-a97d-d965ccfc6d4b" outcome="Passed" testListId="8c84fa94-04c1-424b-9868-57a2d4851a1d" relativeResultsDirectory="557d6a45-7e26-4da8-ba98-269eb7f937b8">
    </UnitTestResult>
    <UnitTestResult executionId="d1f4a023-6215-488f-8b0b-9a809d1d2fb5" testId="c30bd61f-af43-d801-0b27-45522346d753" testName="The_PostProject_Action_returns_created_statuscode" computerName="WGC1W79KCR65J" duration="00:00:00.2126801" startTime="2013-11-28T09:14:06.6342277+00:00" endTime="2013-11-28T09:14:07.2552898+00:00" testType="13cdc9d9-ddb5-4fa4-a97d-d965ccfc6d4b" outcome="Passed" testListId="8c84fa94-04c1-424b-9868-57a2d4851a1d" relativeResultsDirectory="d1f4a023-6215-488f-8b0b-9a809d1d2fb5">
    </UnitTestResult>
    <UnitTestResult executionId="7c29c5f9-626b-4600-a8fd-b4b9ad6f7a77" testId="c3279829-ee3c-ba3c-8526-47c144a3e824" testName="GetSubRegions_Call_Repository" computerName="WGC1W79KCR65J" duration="00:00:00.1054537" startTime="2013-11-28T09:14:07.3412984+00:00" endTime="2013-11-28T09:14:07.8353478+00:00" testType="13cdc9d9-ddb5-4fa4-a97d-d965ccfc6d4b" outcome="Passed" testListId="8c84fa94-04c1-424b-9868-57a2d4851a1d" relativeResultsDirectory="7c29c5f9-626b-4600-a8fd-b4b9ad6f7a77">
    </UnitTestResult>
    <UnitTestResult executionId="b82fa1b3-d460-4db9-9192-901a58a7f9ea" testId="c56c1a40-dc8f-ca75-4fff-47c61774a542" testName="GetProject_Action_Returns_Valid_Project_Object" computerName="WGC1W79KCR65J" duration="00:00:00.2902301" startTime="2013-11-28T09:14:07.8943537+00:00" endTime="2013-11-28T09:14:08.4124055+00:00" testType="13cdc9d9-ddb5-4fa4-a97d-d965ccfc6d4b" outcome="Passed" testListId="8c84fa94-04c1-424b-9868-57a2d4851a1d" relativeResultsDirectory="b82fa1b3-d460-4db9-9192-901a58a7f9ea">
    </UnitTestResult>
    <UnitTestResult executionId="b180977a-5a64-4400-83c2-6331d1709475" testId="d5569fc8-9dc8-fb53-b363-b33a833a4ebe" testName="GetRegions_Call_Repository" computerName="WGC1W79KCR65J" duration="00:00:00.0024869" startTime="2013-11-28T09:14:08.5474190+00:00" endTime="2013-11-28T09:14:08.7174360+00:00" testType="13cdc9d9-ddb5-4fa4-a97d-d965ccfc6d4b" outcome="Passed" testListId="8c84fa94-04c1-424b-9868-57a2d4851a1d" relativeResultsDirectory="b180977a-5a64-4400-83c2-6331d1709475">
    </UnitTestResult>
    <UnitTestResult executionId="68ac51b4-b5c6-4595-95c1-11926cdc020a" testId="da711f7c-1243-e35e-80c6-034a98df079e" testName="AboutApi" computerName="WGC1W79KCR65J" duration="00:00:00.0007392" startTime="2013-11-28T09:14:08.7184361+00:00" endTime="2013-11-28T09:14:08.7224365+00:00" testType="13cdc9d9-ddb5-4fa4-a97d-d965ccfc6d4b" outcome="Passed" testListId="8c84fa94-04c1-424b-9868-57a2d4851a1d" relativeResultsDirectory="68ac51b4-b5c6-4595-95c1-11926cdc020a">
    </UnitTestResult>
    <UnitTestResult executionId="f854bb8b-4039-47e6-a8fc-87c36d9c4269" testId="ee0a6863-be1b-85c8-bc2f-6f867fd6b733" testName="The_PutDonation_Action_returns_NotFound_statuscode_When_The_Donation_Does_NOT_Exists" computerName="WGC1W79KCR65J" duration="00:00:00.0053580" startTime="2013-11-28T09:14:08.7244367+00:00" endTime="2013-11-28T09:14:08.7324375+00:00" testType="13cdc9d9-ddb5-4fa4-a97d-d965ccfc6d4b" outcome="Passed" testListId="8c84fa94-04c1-424b-9868-57a2d4851a1d" relativeResultsDirectory="f854bb8b-4039-47e6-a8fc-87c36d9c4269">
    </UnitTestResult>
    <UnitTestResult executionId="4d061d04-dc89-496f-99e8-20f918c9948b" testId="ef0d621c-d01b-c22b-9aed-7fcbcdac42a0" testName="The_PutProject_Action_returns_Ok_statuscode_When_The_Project_Exists" computerName="WGC1W79KCR65J" duration="00:00:00.0062240" startTime="2013-11-28T09:14:08.7334376+00:00" endTime="2013-11-28T09:14:08.7414384+00:00" testType="13cdc9d9-ddb5-4fa4-a97d-d965ccfc6d4b" outcome="Passed" testListId="8c84fa94-04c1-424b-9868-57a2d4851a1d" relativeResultsDirectory="4d061d04-dc89-496f-99e8-20f918c9948b">
    </UnitTestResult>
    <UnitTestResult executionId="ceb25b0a-7619-4520-bb99-6fab819589be" testId="f0bc23ef-7129-c10c-aafa-81af67c2e566" testName="DefaultRouteConfigTest" computerName="WGC1W79KCR65J" duration="00:00:00.3335500" startTime="2013-11-28T09:14:08.7424385+00:00" endTime="2013-11-28T09:14:09.0784721+00:00" testType="13cdc9d9-ddb5-4fa4-a97d-d965ccfc6d4b" outcome="Passed" testListId="8c84fa94-04c1-424b-9868-57a2d4851a1d" relativeResultsDirectory="ceb25b0a-7619-4520-bb99-6fab819589be">
    </UnitTestResult>
    <UnitTestResult executionId="c4b4ac66-0d22-4ed5-b0ab-7ff459891f07" testId="f3aa8643-ca1d-3a9a-dada-708561fc7822" testName="DeleteProject_Calls_Repository_Delete" computerName="WGC1W79KCR65J" duration="00:00:00.0072232" startTime="2013-11-28T09:14:09.0804723+00:00" endTime="2013-11-28T09:14:09.0894732+00:00" testType="13cdc9d9-ddb5-4fa4-a97d-d965ccfc6d4b" outcome="Passed" testListId="8c84fa94-04c1-424b-9868-57a2d4851a1d" relativeResultsDirectory="c4b4ac66-0d22-4ed5-b0ab-7ff459891f07">
    </UnitTestResult>
    <UnitTestResult executionId="c802b51b-a338-40c3-96b0-4134a1007c24" testId="ff470440-325c-eac0-2dea-bc76ebb70ee8" testName="RaceResultsRouteWithRaceIDNoRegionCode" computerName="WGC1W79KCR65J" duration="00:00:00.0009663" startTime="2013-11-28T09:14:09.0974740+00:00" endTime="2013-11-28T09:14:09.1104753+00:00" testType="13cdc9d9-ddb5-4fa4-a97d-d965ccfc6d4b" outcome="Passed" testListId="8c84fa94-04c1-424b-9868-57a2d4851a1d" relativeResultsDirectory="c802b51b-a338-40c3-96b0-4134a1007c24">
    </UnitTestResult>
  </Results>
</TestRun>