<?xml version="1.0" encoding="UTF-8"?>
<TestRun id="7a99338d-2301-42db-84d3-ca67bd911e33" name="Musterion@SOCX02 2014-01-10 14:08:19" runUser="Socx02\Musterion" xmlns="http://microsoft.com/schemas/VisualStudio/TeamTest/2010">
  <TestSettings name="Local" id="89ca1d8f-b6a1-478b-a970-ecbb27e75554">
    <Description>These are default test settings for a local test run.</Description>
    <Deployment enabled="false" runDeploymentRoot="Musterion_SOCX02 2014-01-10 14_08_19">
      <DeploymentItem filename="C:\Program Files\Microsoft ASP.NET\ASP.NET MVC 4\Assemblies\System.Net.Http.WebRequest.dll" />
      <DeploymentItem filename="C:\Users\Musterion\Desktop\ND\ElectionMonitoring_code\ElectionMonitoring_v5\ElectionMonitoring\bin\ElectionMonitoring.dll" />
      <DeploymentItem filename="C:\Users\Musterion\Desktop\ND\ElectionMonitoring_code\ElectionMonitoring_v5\packages\AutoMapper.3.1.0\lib\net40\AutoMapper.Net4.dll" />
      <DeploymentItem filename="C:\Users\Musterion\Desktop\ND\ElectionMonitoring_code\ElectionMonitoring_v5\packages\Moq.4.1.1311.0615\lib\net40\Moq.dll" />
      <DeploymentItem filename="C:\Users\Musterion\Desktop\ND\ElectionMonitoring_code\ElectionMonitoring_v5\ElectionMonitoring.Business\bin\Debug\ElectionMonitoring.Business.dll" />
      <DeploymentItem filename="C:\Program Files\Microsoft ASP.NET\ASP.NET MVC 4\Assemblies\System.Net.Http.Formatting.dll" />
      <DeploymentItem filename="C:\Users\Musterion\Desktop\ND\ElectionMonitoring_code\ElectionMonitoring_v5\ElectionMonitoring.Models\bin\Debug\ElectionMonitoring.Models.dll" />
      <DeploymentItem filename="C:\Program Files\Microsoft ASP.NET\ASP.NET MVC 4\Assemblies\System.Net.Http.dll" />
      <DeploymentItem filename="C:\Program Files\Microsoft ASP.NET\ASP.NET MVC 4\Assemblies\System.Web.Http.dll" />
      <DeploymentItem filename="C:\Users\Musterion\Desktop\ND\ElectionMonitoring_code\ElectionMonitoring_v5\packages\AutoMapper.3.1.0\lib\net40\AutoMapper.dll" />
    </Deployment>
    <Execution>
      <TestTypeSpecific />
      <AgentRule name="Execution Agents">
      </AgentRule>
    </Execution>
  </TestSettings>
  <Times creation="2014-01-10T14:08:19.2123896+00:00" queuing="2014-01-10T14:08:50.9992077+00:00" start="2014-01-10T14:08:51.4002306+00:00" finish="2014-01-10T14:08:56.9205463+00:00" />
  <ResultSummary outcome="Completed">
    <Counters total="29" executed="29" passed="29" error="0" failed="0" timeout="0" aborted="0" inconclusive="0" passedButRunAborted="0" notRunnable="0" notExecuted="0" disconnected="0" warning="0" completed="0" inProgress="0" pending="0" />
  </ResultSummary>
  <TestDefinitions>
    <UnitTest name="The_PostDonor_Action_returns_created_statuscode" storage="c:\users\musterion\desktop\nd\electionmonitoring_code\electionmonitoring_v5\electionmonitoring.tests\bin\debug\electionmonitoring.tests.dll" id="64d792df-a24a-5789-132c-4457503d92af">
      <Execution id="50767a26-a563-4f28-b7ac-ac1ec14d1600" />
      <TestMethod codeBase="C:/Users/Musterion/Desktop/ND/ElectionMonitoring_code/ElectionMonitoring_v5/ElectionMonitoring.Tests/bin/Debug/ElectionMonitoring.Tests.DLL" adapterTypeName="Microsoft.VisualStudio.TestTools.TestTypes.Unit.UnitTestAdapter, Microsoft.VisualStudio.QualityTools.Tips.UnitTest.Adapter, Version=10.0.0.0, Culture=neutral, PublicKeyToken=b03f5f7f11d50a3a" className="ElectionMonitoring.Tests.Controllers.DonationManagementControllerTest, ElectionMonitoring.Tests, Version=1.0.0.0, Culture=neutral, PublicKeyToken=null" name="The_PostDonor_Action_returns_created_statuscode" />
    </UnitTest>
    <UnitTest name="DeleteDonor_Calls_Repository_Delete" storage="c:\users\musterion\desktop\nd\electionmonitoring_code\electionmonitoring_v5\electionmonitoring.tests\bin\debug\electionmonitoring.tests.dll" id="48b32990-b6f6-c4e2-d159-89a1d8ae6010">
      <Execution id="7bacc460-778e-424a-8e40-6362d63e1f7c" />
      <TestMethod codeBase="C:/Users/Musterion/Desktop/ND/ElectionMonitoring_code/ElectionMonitoring_v5/ElectionMonitoring.Tests/bin/Debug/ElectionMonitoring.Tests.DLL" adapterTypeName="Microsoft.VisualStudio.TestTools.TestTypes.Unit.UnitTestAdapter, Microsoft.VisualStudio.QualityTools.Tips.UnitTest.Adapter, Version=10.0.0.0, Culture=neutral, PublicKeyToken=b03f5f7f11d50a3a" className="ElectionMonitoring.Tests.Controllers.DonationManagementControllerTest, ElectionMonitoring.Tests, Version=1.0.0.0, Culture=neutral, PublicKeyToken=null" name="DeleteDonor_Calls_Repository_Delete" />
    </UnitTest>
    <UnitTest name="The_PutDonor_Action_returns_Ok_statuscode_When_The_Donor_Exists" storage="c:\users\musterion\desktop\nd\electionmonitoring_code\electionmonitoring_v5\electionmonitoring.tests\bin\debug\electionmonitoring.tests.dll" id="5e06bedb-74cb-cfdf-fdc3-bcf4ff14a610">
      <Execution id="634af1ea-49a6-4fd4-aa30-9d6924efc3b7" />
      <TestMethod codeBase="C:/Users/Musterion/Desktop/ND/ElectionMonitoring_code/ElectionMonitoring_v5/ElectionMonitoring.Tests/bin/Debug/ElectionMonitoring.Tests.DLL" adapterTypeName="Microsoft.VisualStudio.TestTools.TestTypes.Unit.UnitTestAdapter, Microsoft.VisualStudio.QualityTools.Tips.UnitTest.Adapter, Version=10.0.0.0, Culture=neutral, PublicKeyToken=b03f5f7f11d50a3a" className="ElectionMonitoring.Tests.Controllers.DonationManagementControllerTest, ElectionMonitoring.Tests, Version=1.0.0.0, Culture=neutral, PublicKeyToken=null" name="The_PutDonor_Action_returns_Ok_statuscode_When_The_Donor_Exists" />
    </UnitTest>
    <UnitTest name="ActionApiRouteWithControllerWithActionNoId" storage="c:\users\musterion\desktop\nd\electionmonitoring_code\electionmonitoring_v5\electionmonitoring.tests\bin\debug\electionmonitoring.tests.dll" id="b8e6b3d3-519a-f501-1bfa-73a460c9d52a">
      <Execution id="1594a184-45af-4d71-8aee-78233b1254e4" />
      <TestMethod codeBase="C:/Users/Musterion/Desktop/ND/ElectionMonitoring_code/ElectionMonitoring_v5/ElectionMonitoring.Tests/bin/Debug/ElectionMonitoring.Tests.DLL" adapterTypeName="Microsoft.VisualStudio.TestTools.TestTypes.Unit.UnitTestAdapter, Microsoft.VisualStudio.QualityTools.Tips.UnitTest.Adapter, Version=10.0.0.0, Culture=neutral, PublicKeyToken=b03f5f7f11d50a3a" className="ElectionMonitoring.Tests.RoutingTableTest, ElectionMonitoring.Tests, Version=1.0.0.0, Culture=neutral, PublicKeyToken=null" name="ActionApiRouteWithControllerWithActionNoId" />
    </UnitTest>
    <UnitTest name="The_PostProject_Action_returns_created_statuscode" storage="c:\users\musterion\desktop\nd\electionmonitoring_code\electionmonitoring_v5\electionmonitoring.tests\bin\debug\electionmonitoring.tests.dll" id="c30bd61f-af43-d801-0b27-45522346d753">
      <Execution id="ea4aa896-16f8-4a3a-97e1-cd81cbf6d245" />
      <TestMethod codeBase="C:/Users/Musterion/Desktop/ND/ElectionMonitoring_code/ElectionMonitoring_v5/ElectionMonitoring.Tests/bin/Debug/ElectionMonitoring.Tests.DLL" adapterTypeName="Microsoft.VisualStudio.TestTools.TestTypes.Unit.UnitTestAdapter, Microsoft.VisualStudio.QualityTools.Tips.UnitTest.Adapter, Version=10.0.0.0, Culture=neutral, PublicKeyToken=b03f5f7f11d50a3a" className="ElectionMonitoring.Tests.Controllers.DonationManagementControllerTest, ElectionMonitoring.Tests, Version=1.0.0.0, Culture=neutral, PublicKeyToken=null" name="The_PostProject_Action_returns_created_statuscode" />
    </UnitTest>
    <UnitTest name="GetDonation_Action_Returns_Valid_Donation_Object" storage="c:\users\musterion\desktop\nd\electionmonitoring_code\electionmonitoring_v5\electionmonitoring.tests\bin\debug\electionmonitoring.tests.dll" id="65df5bb9-4dd4-1645-21c7-17ac35e234c8">
      <Execution id="e6990690-36ff-4d47-9b06-f7040a2946f5" />
      <TestMethod codeBase="C:/Users/Musterion/Desktop/ND/ElectionMonitoring_code/ElectionMonitoring_v5/ElectionMonitoring.Tests/bin/Debug/ElectionMonitoring.Tests.DLL" adapterTypeName="Microsoft.VisualStudio.TestTools.TestTypes.Unit.UnitTestAdapter, Microsoft.VisualStudio.QualityTools.Tips.UnitTest.Adapter, Version=10.0.0.0, Culture=neutral, PublicKeyToken=b03f5f7f11d50a3a" className="ElectionMonitoring.Tests.Controllers.DonationManagementControllerTest, ElectionMonitoring.Tests, Version=1.0.0.0, Culture=neutral, PublicKeyToken=null" name="GetDonation_Action_Returns_Valid_Donation_Object" />
    </UnitTest>
    <UnitTest name="GetSubRegions_Call_Repository" storage="c:\users\musterion\desktop\nd\electionmonitoring_code\electionmonitoring_v5\electionmonitoring.tests\bin\debug\electionmonitoring.tests.dll" id="c3279829-ee3c-ba3c-8526-47c144a3e824">
      <Execution id="38f4684f-6faa-424a-9f20-717f7feb6582" />
      <TestMethod codeBase="C:/Users/Musterion/Desktop/ND/ElectionMonitoring_code/ElectionMonitoring_v5/ElectionMonitoring.Tests/bin/Debug/ElectionMonitoring.Tests.DLL" adapterTypeName="Microsoft.VisualStudio.TestTools.TestTypes.Unit.UnitTestAdapter, Microsoft.VisualStudio.QualityTools.Tips.UnitTest.Adapter, Version=10.0.0.0, Culture=neutral, PublicKeyToken=b03f5f7f11d50a3a" className="ElectionMonitoring.Tests.Controllers.ElectionMonitoringControllerTest, ElectionMonitoring.Tests, Version=1.0.0.0, Culture=neutral, PublicKeyToken=null" name="GetSubRegions_Call_Repository" />
    </UnitTest>
    <UnitTest name="GetDonor_Action_Returns_Valid_Donor_Object" storage="c:\users\musterion\desktop\nd\electionmonitoring_code\electionmonitoring_v5\electionmonitoring.tests\bin\debug\electionmonitoring.tests.dll" id="7dd265f7-9d07-8ade-0348-2149d46dc9d5">
      <Execution id="e5a81fe8-2c99-4816-b92c-59c64fa253dd" />
      <TestMethod codeBase="C:/Users/Musterion/Desktop/ND/ElectionMonitoring_code/ElectionMonitoring_v5/ElectionMonitoring.Tests/bin/Debug/ElectionMonitoring.Tests.DLL" adapterTypeName="Microsoft.VisualStudio.TestTools.TestTypes.Unit.UnitTestAdapter, Microsoft.VisualStudio.QualityTools.Tips.UnitTest.Adapter, Version=10.0.0.0, Culture=neutral, PublicKeyToken=b03f5f7f11d50a3a" className="ElectionMonitoring.Tests.Controllers.DonationManagementControllerTest, ElectionMonitoring.Tests, Version=1.0.0.0, Culture=neutral, PublicKeyToken=null" name="GetDonor_Action_Returns_Valid_Donor_Object" />
    </UnitTest>
    <UnitTest name="ApiRegionByRegionID" storage="c:\users\musterion\desktop\nd\electionmonitoring_code\electionmonitoring_v5\electionmonitoring.tests\bin\debug\electionmonitoring.tests.dll" id="9971ac9b-8af4-4322-6175-426f299a2445">
      <Execution id="17ff7867-6646-48be-a8df-394e9cf2b503" />
      <TestMethod codeBase="C:/Users/Musterion/Desktop/ND/ElectionMonitoring_code/ElectionMonitoring_v5/ElectionMonitoring.Tests/bin/Debug/ElectionMonitoring.Tests.DLL" adapterTypeName="Microsoft.VisualStudio.TestTools.TestTypes.Unit.UnitTestAdapter, Microsoft.VisualStudio.QualityTools.Tips.UnitTest.Adapter, Version=10.0.0.0, Culture=neutral, PublicKeyToken=b03f5f7f11d50a3a" className="ElectionMonitoring.Tests.RoutingTableTest, ElectionMonitoring.Tests, Version=1.0.0.0, Culture=neutral, PublicKeyToken=null" name="ApiRegionByRegionID" />
    </UnitTest>
    <UnitTest name="The_PutDonation_Action_returns_Ok_statuscode_When_The_Donation_Exists" storage="c:\users\musterion\desktop\nd\electionmonitoring_code\electionmonitoring_v5\electionmonitoring.tests\bin\debug\electionmonitoring.tests.dll" id="7d8fc65f-f4a6-b1a3-7b47-e43f33a92562">
      <Execution id="e26a89f9-0742-456c-b9cc-3b091113759c" />
      <TestMethod codeBase="C:/Users/Musterion/Desktop/ND/ElectionMonitoring_code/ElectionMonitoring_v5/ElectionMonitoring.Tests/bin/Debug/ElectionMonitoring.Tests.DLL" adapterTypeName="Microsoft.VisualStudio.TestTools.TestTypes.Unit.UnitTestAdapter, Microsoft.VisualStudio.QualityTools.Tips.UnitTest.Adapter, Version=10.0.0.0, Culture=neutral, PublicKeyToken=b03f5f7f11d50a3a" className="ElectionMonitoring.Tests.Controllers.DonationManagementControllerTest, ElectionMonitoring.Tests, Version=1.0.0.0, Culture=neutral, PublicKeyToken=null" name="The_PutDonation_Action_returns_Ok_statuscode_When_The_Donation_Exists" />
    </UnitTest>
    <UnitTest name="DeleteDonation_Calls_Repository_Delete" storage="c:\users\musterion\desktop\nd\electionmonitoring_code\electionmonitoring_v5\electionmonitoring.tests\bin\debug\electionmonitoring.tests.dll" id="1c44bc22-b59f-f539-ec19-5fd2120db422">
      <Execution id="4e713ba9-c041-4cb3-af4d-2867c961abfb" />
      <TestMethod codeBase="C:/Users/Musterion/Desktop/ND/ElectionMonitoring_code/ElectionMonitoring_v5/ElectionMonitoring.Tests/bin/Debug/ElectionMonitoring.Tests.DLL" adapterTypeName="Microsoft.VisualStudio.TestTools.TestTypes.Unit.UnitTestAdapter, Microsoft.VisualStudio.QualityTools.Tips.UnitTest.Adapter, Version=10.0.0.0, Culture=neutral, PublicKeyToken=b03f5f7f11d50a3a" className="ElectionMonitoring.Tests.Controllers.DonationManagementControllerTest, ElectionMonitoring.Tests, Version=1.0.0.0, Culture=neutral, PublicKeyToken=null" name="DeleteDonation_Calls_Repository_Delete" />
    </UnitTest>
    <UnitTest name="GetDonors_Action_Returns_Valid_IEnumerable_Of_Donors" storage="c:\users\musterion\desktop\nd\electionmonitoring_code\electionmonitoring_v5\electionmonitoring.tests\bin\debug\electionmonitoring.tests.dll" id="68e8d230-911d-2bcc-fc59-a44ca32e2df4">
      <Execution id="2e21ed8e-20ba-4a16-a805-6ef569e31bea" />
      <TestMethod codeBase="C:/Users/Musterion/Desktop/ND/ElectionMonitoring_code/ElectionMonitoring_v5/ElectionMonitoring.Tests/bin/Debug/ElectionMonitoring.Tests.DLL" adapterTypeName="Microsoft.VisualStudio.TestTools.TestTypes.Unit.UnitTestAdapter, Microsoft.VisualStudio.QualityTools.Tips.UnitTest.Adapter, Version=10.0.0.0, Culture=neutral, PublicKeyToken=b03f5f7f11d50a3a" className="ElectionMonitoring.Tests.Controllers.DonationManagementControllerTest, ElectionMonitoring.Tests, Version=1.0.0.0, Culture=neutral, PublicKeyToken=null" name="GetDonors_Action_Returns_Valid_IEnumerable_Of_Donors" />
    </UnitTest>
    <UnitTest name="The_PutProject_Action_returns_Ok_statuscode_When_The_Project_Exists" storage="c:\users\musterion\desktop\nd\electionmonitoring_code\electionmonitoring_v5\electionmonitoring.tests\bin\debug\electionmonitoring.tests.dll" id="ef0d621c-d01b-c22b-9aed-7fcbcdac42a0">
      <Execution id="ec07d6eb-8522-461c-885c-7f35f7e72ff1" />
      <TestMethod codeBase="C:/Users/Musterion/Desktop/ND/ElectionMonitoring_code/ElectionMonitoring_v5/ElectionMonitoring.Tests/bin/Debug/ElectionMonitoring.Tests.DLL" adapterTypeName="Microsoft.VisualStudio.TestTools.TestTypes.Unit.UnitTestAdapter, Microsoft.VisualStudio.QualityTools.Tips.UnitTest.Adapter, Version=10.0.0.0, Culture=neutral, PublicKeyToken=b03f5f7f11d50a3a" className="ElectionMonitoring.Tests.Controllers.DonationManagementControllerTest, ElectionMonitoring.Tests, Version=1.0.0.0, Culture=neutral, PublicKeyToken=null" name="The_PutProject_Action_returns_Ok_statuscode_When_The_Project_Exists" />
    </UnitTest>
    <UnitTest name="RaceResultsRouteWithRaceIDNoRegionCode" storage="c:\users\musterion\desktop\nd\electionmonitoring_code\electionmonitoring_v5\electionmonitoring.tests\bin\debug\electionmonitoring.tests.dll" id="ff470440-325c-eac0-2dea-bc76ebb70ee8">
      <Execution id="a4d3ea85-7d5d-448b-b20d-5dac317474ab" />
      <TestMethod codeBase="C:/Users/Musterion/Desktop/ND/ElectionMonitoring_code/ElectionMonitoring_v5/ElectionMonitoring.Tests/bin/Debug/ElectionMonitoring.Tests.DLL" adapterTypeName="Microsoft.VisualStudio.TestTools.TestTypes.Unit.UnitTestAdapter, Microsoft.VisualStudio.QualityTools.Tips.UnitTest.Adapter, Version=10.0.0.0, Culture=neutral, PublicKeyToken=b03f5f7f11d50a3a" className="ElectionMonitoring.Tests.RoutingTableTest, ElectionMonitoring.Tests, Version=1.0.0.0, Culture=neutral, PublicKeyToken=null" name="RaceResultsRouteWithRaceIDNoRegionCode" />
    </UnitTest>
    <UnitTest name="The_PuProject_Action_returns_NotFound_statuscode_When_The_Project_Does_NOT_Exists" storage="c:\users\musterion\desktop\nd\electionmonitoring_code\electionmonitoring_v5\electionmonitoring.tests\bin\debug\electionmonitoring.tests.dll" id="b3ef6052-309d-ade2-08ad-e479135668de">
      <Execution id="6d97f43f-c71b-4983-8da5-19e143146538" />
      <TestMethod codeBase="C:/Users/Musterion/Desktop/ND/ElectionMonitoring_code/ElectionMonitoring_v5/ElectionMonitoring.Tests/bin/Debug/ElectionMonitoring.Tests.DLL" adapterTypeName="Microsoft.VisualStudio.TestTools.TestTypes.Unit.UnitTestAdapter, Microsoft.VisualStudio.QualityTools.Tips.UnitTest.Adapter, Version=10.0.0.0, Culture=neutral, PublicKeyToken=b03f5f7f11d50a3a" className="ElectionMonitoring.Tests.Controllers.DonationManagementControllerTest, ElectionMonitoring.Tests, Version=1.0.0.0, Culture=neutral, PublicKeyToken=null" name="The_PuProject_Action_returns_NotFound_statuscode_When_The_Project_Does_NOT_Exists" />
    </UnitTest>
    <UnitTest name="GetDonations_Action_Returns_Valid_IEnumerable_Of_Donations" storage="c:\users\musterion\desktop\nd\electionmonitoring_code\electionmonitoring_v5\electionmonitoring.tests\bin\debug\electionmonitoring.tests.dll" id="8c893d5b-e235-59f6-ab6a-ee1ad82644dc">
      <Execution id="2a4538bf-b1d7-4603-bd37-1ee7353fe06d" />
      <TestMethod codeBase="C:/Users/Musterion/Desktop/ND/ElectionMonitoring_code/ElectionMonitoring_v5/ElectionMonitoring.Tests/bin/Debug/ElectionMonitoring.Tests.DLL" adapterTypeName="Microsoft.VisualStudio.TestTools.TestTypes.Unit.UnitTestAdapter, Microsoft.VisualStudio.QualityTools.Tips.UnitTest.Adapter, Version=10.0.0.0, Culture=neutral, PublicKeyToken=b03f5f7f11d50a3a" className="ElectionMonitoring.Tests.Controllers.DonationManagementControllerTest, ElectionMonitoring.Tests, Version=1.0.0.0, Culture=neutral, PublicKeyToken=null" name="GetDonations_Action_Returns_Valid_IEnumerable_Of_Donations" />
    </UnitTest>
    <UnitTest name="GetProjects_Action_Returns_Valid_IEnumerable_Of_Projects" storage="c:\users\musterion\desktop\nd\electionmonitoring_code\electionmonitoring_v5\electionmonitoring.tests\bin\debug\electionmonitoring.tests.dll" id="865ac6eb-d460-2fd1-936b-453d007f3019">
      <Execution id="d3cd8597-8275-42c4-a482-94298fda3aa2" />
      <TestMethod codeBase="C:/Users/Musterion/Desktop/ND/ElectionMonitoring_code/ElectionMonitoring_v5/ElectionMonitoring.Tests/bin/Debug/ElectionMonitoring.Tests.DLL" adapterTypeName="Microsoft.VisualStudio.TestTools.TestTypes.Unit.UnitTestAdapter, Microsoft.VisualStudio.QualityTools.Tips.UnitTest.Adapter, Version=10.0.0.0, Culture=neutral, PublicKeyToken=b03f5f7f11d50a3a" className="ElectionMonitoring.Tests.Controllers.DonationManagementControllerTest, ElectionMonitoring.Tests, Version=1.0.0.0, Culture=neutral, PublicKeyToken=null" name="GetProjects_Action_Returns_Valid_IEnumerable_Of_Projects" />
    </UnitTest>
    <UnitTest name="GetProject_Action_Returns_Valid_Project_Object" storage="c:\users\musterion\desktop\nd\electionmonitoring_code\electionmonitoring_v5\electionmonitoring.tests\bin\debug\electionmonitoring.tests.dll" id="c56c1a40-dc8f-ca75-4fff-47c61774a542">
      <Execution id="096cb348-f598-4fff-986e-2ff530f4bb2e" />
      <TestMethod codeBase="C:/Users/Musterion/Desktop/ND/ElectionMonitoring_code/ElectionMonitoring_v5/ElectionMonitoring.Tests/bin/Debug/ElectionMonitoring.Tests.DLL" adapterTypeName="Microsoft.VisualStudio.TestTools.TestTypes.Unit.UnitTestAdapter, Microsoft.VisualStudio.QualityTools.Tips.UnitTest.Adapter, Version=10.0.0.0, Culture=neutral, PublicKeyToken=b03f5f7f11d50a3a" className="ElectionMonitoring.Tests.Controllers.DonationManagementControllerTest, ElectionMonitoring.Tests, Version=1.0.0.0, Culture=neutral, PublicKeyToken=null" name="GetProject_Action_Returns_Valid_Project_Object" />
    </UnitTest>
    <UnitTest name="RaceResultsRouteWithRaceIDWithRegionCode" storage="c:\users\musterion\desktop\nd\electionmonitoring_code\electionmonitoring_v5\electionmonitoring.tests\bin\debug\electionmonitoring.tests.dll" id="159b4dab-a820-ef8b-03e3-e166bb7aa697">
      <Execution id="f9e1c449-b21f-45f9-86f3-da0c947dd264" />
      <TestMethod codeBase="C:/Users/Musterion/Desktop/ND/ElectionMonitoring_code/ElectionMonitoring_v5/ElectionMonitoring.Tests/bin/Debug/ElectionMonitoring.Tests.DLL" adapterTypeName="Microsoft.VisualStudio.TestTools.TestTypes.Unit.UnitTestAdapter, Microsoft.VisualStudio.QualityTools.Tips.UnitTest.Adapter, Version=10.0.0.0, Culture=neutral, PublicKeyToken=b03f5f7f11d50a3a" className="ElectionMonitoring.Tests.RoutingTableTest, ElectionMonitoring.Tests, Version=1.0.0.0, Culture=neutral, PublicKeyToken=null" name="RaceResultsRouteWithRaceIDWithRegionCode" />
    </UnitTest>
    <UnitTest name="GetRegions_Call_Repository" storage="c:\users\musterion\desktop\nd\electionmonitoring_code\electionmonitoring_v5\electionmonitoring.tests\bin\debug\electionmonitoring.tests.dll" id="d5569fc8-9dc8-fb53-b363-b33a833a4ebe">
      <Execution id="004f41d5-b329-42fc-b766-0cba6cc5624e" />
      <TestMethod codeBase="C:/Users/Musterion/Desktop/ND/ElectionMonitoring_code/ElectionMonitoring_v5/ElectionMonitoring.Tests/bin/Debug/ElectionMonitoring.Tests.DLL" adapterTypeName="Microsoft.VisualStudio.TestTools.TestTypes.Unit.UnitTestAdapter, Microsoft.VisualStudio.QualityTools.Tips.UnitTest.Adapter, Version=10.0.0.0, Culture=neutral, PublicKeyToken=b03f5f7f11d50a3a" className="ElectionMonitoring.Tests.Controllers.ElectionMonitoringControllerTest, ElectionMonitoring.Tests, Version=1.0.0.0, Culture=neutral, PublicKeyToken=null" name="GetRegions_Call_Repository" />
    </UnitTest>
    <UnitTest name="The_PutDonation_Action_returns_NotFound_statuscode_When_The_Donation_Does_NOT_Exists" storage="c:\users\musterion\desktop\nd\electionmonitoring_code\electionmonitoring_v5\electionmonitoring.tests\bin\debug\electionmonitoring.tests.dll" id="ee0a6863-be1b-85c8-bc2f-6f867fd6b733">
      <Execution id="5ac84f6e-2c12-4582-8daf-3dba399ea111" />
      <TestMethod codeBase="C:/Users/Musterion/Desktop/ND/ElectionMonitoring_code/ElectionMonitoring_v5/ElectionMonitoring.Tests/bin/Debug/ElectionMonitoring.Tests.DLL" adapterTypeName="Microsoft.VisualStudio.TestTools.TestTypes.Unit.UnitTestAdapter, Microsoft.VisualStudio.QualityTools.Tips.UnitTest.Adapter, Version=10.0.0.0, Culture=neutral, PublicKeyToken=b03f5f7f11d50a3a" className="ElectionMonitoring.Tests.Controllers.DonationManagementControllerTest, ElectionMonitoring.Tests, Version=1.0.0.0, Culture=neutral, PublicKeyToken=null" name="The_PutDonation_Action_returns_NotFound_statuscode_When_The_Donation_Does_NOT_Exists" />
    </UnitTest>
    <UnitTest name="The_PutDonor_Action_returns_NotFound_statuscode_When_The_Donor_Does_NOT_Exists" storage="c:\users\musterion\desktop\nd\electionmonitoring_code\electionmonitoring_v5\electionmonitoring.tests\bin\debug\electionmonitoring.tests.dll" id="c1675eff-1027-225e-4797-052da164c009">
      <Execution id="a06a247f-7e53-4883-874b-8cbac55b7b1e" />
      <TestMethod codeBase="C:/Users/Musterion/Desktop/ND/ElectionMonitoring_code/ElectionMonitoring_v5/ElectionMonitoring.Tests/bin/Debug/ElectionMonitoring.Tests.DLL" adapterTypeName="Microsoft.VisualStudio.TestTools.TestTypes.Unit.UnitTestAdapter, Microsoft.VisualStudio.QualityTools.Tips.UnitTest.Adapter, Version=10.0.0.0, Culture=neutral, PublicKeyToken=b03f5f7f11d50a3a" className="ElectionMonitoring.Tests.Controllers.DonationManagementControllerTest, ElectionMonitoring.Tests, Version=1.0.0.0, Culture=neutral, PublicKeyToken=null" name="The_PutDonor_Action_returns_NotFound_statuscode_When_The_Donor_Does_NOT_Exists" />
    </UnitTest>
    <UnitTest name="AboutApi" storage="c:\users\musterion\desktop\nd\electionmonitoring_code\electionmonitoring_v5\electionmonitoring.tests\bin\debug\electionmonitoring.tests.dll" id="da711f7c-1243-e35e-80c6-034a98df079e">
      <Execution id="24895e3d-836a-4952-8740-404694968e31" />
      <TestMethod codeBase="C:/Users/Musterion/Desktop/ND/ElectionMonitoring_code/ElectionMonitoring_v5/ElectionMonitoring.Tests/bin/Debug/ElectionMonitoring.Tests.DLL" adapterTypeName="Microsoft.VisualStudio.TestTools.TestTypes.Unit.UnitTestAdapter, Microsoft.VisualStudio.QualityTools.Tips.UnitTest.Adapter, Version=10.0.0.0, Culture=neutral, PublicKeyToken=b03f5f7f11d50a3a" className="ElectionMonitoring.Tests.RoutingTableTest, ElectionMonitoring.Tests, Version=1.0.0.0, Culture=neutral, PublicKeyToken=null" name="AboutApi" />
    </UnitTest>
    <UnitTest name="DeleteProject_Calls_Repository_Delete" storage="c:\users\musterion\desktop\nd\electionmonitoring_code\electionmonitoring_v5\electionmonitoring.tests\bin\debug\electionmonitoring.tests.dll" id="f3aa8643-ca1d-3a9a-dada-708561fc7822">
      <Execution id="03909eed-1687-4721-9ca4-0da23da34241" />
      <TestMethod codeBase="C:/Users/Musterion/Desktop/ND/ElectionMonitoring_code/ElectionMonitoring_v5/ElectionMonitoring.Tests/bin/Debug/ElectionMonitoring.Tests.DLL" adapterTypeName="Microsoft.VisualStudio.TestTools.TestTypes.Unit.UnitTestAdapter, Microsoft.VisualStudio.QualityTools.Tips.UnitTest.Adapter, Version=10.0.0.0, Culture=neutral, PublicKeyToken=b03f5f7f11d50a3a" className="ElectionMonitoring.Tests.Controllers.DonationManagementControllerTest, ElectionMonitoring.Tests, Version=1.0.0.0, Culture=neutral, PublicKeyToken=null" name="DeleteProject_Calls_Repository_Delete" />
    </UnitTest>
    <UnitTest name="GetRaces_Call_Repository" storage="c:\users\musterion\desktop\nd\electionmonitoring_code\electionmonitoring_v5\electionmonitoring.tests\bin\debug\electionmonitoring.tests.dll" id="707aa8b8-620b-08fb-f2d9-b1bafaf0e5dc">
      <Execution id="7412dfd6-bc27-4f8b-9d54-588f532e16bb" />
      <TestMethod codeBase="C:/Users/Musterion/Desktop/ND/ElectionMonitoring_code/ElectionMonitoring_v5/ElectionMonitoring.Tests/bin/Debug/ElectionMonitoring.Tests.DLL" adapterTypeName="Microsoft.VisualStudio.TestTools.TestTypes.Unit.UnitTestAdapter, Microsoft.VisualStudio.QualityTools.Tips.UnitTest.Adapter, Version=10.0.0.0, Culture=neutral, PublicKeyToken=b03f5f7f11d50a3a" className="ElectionMonitoring.Tests.Controllers.ElectionMonitoringControllerTest, ElectionMonitoring.Tests, Version=1.0.0.0, Culture=neutral, PublicKeyToken=null" name="GetRaces_Call_Repository" />
    </UnitTest>
    <UnitTest name="ApiRegionByRegionCode" storage="c:\users\musterion\desktop\nd\electionmonitoring_code\electionmonitoring_v5\electionmonitoring.tests\bin\debug\electionmonitoring.tests.dll" id="4445be88-fb8c-c60a-2eaa-87da02bd474a">
      <Execution id="dfd99012-760f-4319-a3f9-6cc509318951" />
      <TestMethod codeBase="C:/Users/Musterion/Desktop/ND/ElectionMonitoring_code/ElectionMonitoring_v5/ElectionMonitoring.Tests/bin/Debug/ElectionMonitoring.Tests.DLL" adapterTypeName="Microsoft.VisualStudio.TestTools.TestTypes.Unit.UnitTestAdapter, Microsoft.VisualStudio.QualityTools.Tips.UnitTest.Adapter, Version=10.0.0.0, Culture=neutral, PublicKeyToken=b03f5f7f11d50a3a" className="ElectionMonitoring.Tests.RoutingTableTest, ElectionMonitoring.Tests, Version=1.0.0.0, Culture=neutral, PublicKeyToken=null" name="ApiRegionByRegionCode" />
    </UnitTest>
    <UnitTest name="The_PostDonation_Action_returns_created_statuscode" storage="c:\users\musterion\desktop\nd\electionmonitoring_code\electionmonitoring_v5\electionmonitoring.tests\bin\debug\electionmonitoring.tests.dll" id="a22ad01c-c920-2e3c-d112-b54a814be347">
      <Execution id="8421d9e8-7319-422b-a68b-7fd6ee6949d0" />
      <TestMethod codeBase="C:/Users/Musterion/Desktop/ND/ElectionMonitoring_code/ElectionMonitoring_v5/ElectionMonitoring.Tests/bin/Debug/ElectionMonitoring.Tests.DLL" adapterTypeName="Microsoft.VisualStudio.TestTools.TestTypes.Unit.UnitTestAdapter, Microsoft.VisualStudio.QualityTools.Tips.UnitTest.Adapter, Version=10.0.0.0, Culture=neutral, PublicKeyToken=b03f5f7f11d50a3a" className="ElectionMonitoring.Tests.Controllers.DonationManagementControllerTest, ElectionMonitoring.Tests, Version=1.0.0.0, Culture=neutral, PublicKeyToken=null" name="The_PostDonation_Action_returns_created_statuscode" />
    </UnitTest>
    <UnitTest name="DefaultRouteConfigTest" storage="c:\users\musterion\desktop\nd\electionmonitoring_code\electionmonitoring_v5\electionmonitoring.tests\bin\debug\electionmonitoring.tests.dll" id="f0bc23ef-7129-c10c-aafa-81af67c2e566">
      <Execution id="2568ee37-219c-40e8-ac7c-9e575a269032" />
      <TestMethod codeBase="C:/Users/Musterion/Desktop/ND/ElectionMonitoring_code/ElectionMonitoring_v5/ElectionMonitoring.Tests/bin/Debug/ElectionMonitoring.Tests.DLL" adapterTypeName="Microsoft.VisualStudio.TestTools.TestTypes.Unit.UnitTestAdapter, Microsoft.VisualStudio.QualityTools.Tips.UnitTest.Adapter, Version=10.0.0.0, Culture=neutral, PublicKeyToken=b03f5f7f11d50a3a" className="ElectionMonitoring.Tests.RoutingTableTest, ElectionMonitoring.Tests, Version=1.0.0.0, Culture=neutral, PublicKeyToken=null" name="DefaultRouteConfigTest" />
    </UnitTest>
    <UnitTest name="ActionApiRouteWithControllerWithActionWithId" storage="c:\users\musterion\desktop\nd\electionmonitoring_code\electionmonitoring_v5\electionmonitoring.tests\bin\debug\electionmonitoring.tests.dll" id="7c3783ce-a97d-490a-a12f-d8d8ce510f38">
      <Execution id="748535a3-10d5-42cb-8e87-d412b0686324" />
      <TestMethod codeBase="C:/Users/Musterion/Desktop/ND/ElectionMonitoring_code/ElectionMonitoring_v5/ElectionMonitoring.Tests/bin/Debug/ElectionMonitoring.Tests.DLL" adapterTypeName="Microsoft.VisualStudio.TestTools.TestTypes.Unit.UnitTestAdapter, Microsoft.VisualStudio.QualityTools.Tips.UnitTest.Adapter, Version=10.0.0.0, Culture=neutral, PublicKeyToken=b03f5f7f11d50a3a" className="ElectionMonitoring.Tests.RoutingTableTest, ElectionMonitoring.Tests, Version=1.0.0.0, Culture=neutral, PublicKeyToken=null" name="ActionApiRouteWithControllerWithActionWithId" />
    </UnitTest>
  </TestDefinitions>
  <TestLists>
    <TestList name="Results Not in a List" id="8c84fa94-04c1-424b-9868-57a2d4851a1d" />
    <TestList name="All Loaded Results" id="19431567-8539-422a-85d7-44ee4e166bda" />
  </TestLists>
  <TestEntries>
    <TestEntry testId="159b4dab-a820-ef8b-03e3-e166bb7aa697" executionId="f9e1c449-b21f-45f9-86f3-da0c947dd264" testListId="8c84fa94-04c1-424b-9868-57a2d4851a1d" />
    <TestEntry testId="1c44bc22-b59f-f539-ec19-5fd2120db422" executionId="4e713ba9-c041-4cb3-af4d-2867c961abfb" testListId="8c84fa94-04c1-424b-9868-57a2d4851a1d" />
    <TestEntry testId="4445be88-fb8c-c60a-2eaa-87da02bd474a" executionId="dfd99012-760f-4319-a3f9-6cc509318951" testListId="8c84fa94-04c1-424b-9868-57a2d4851a1d" />
    <TestEntry testId="48b32990-b6f6-c4e2-d159-89a1d8ae6010" executionId="7bacc460-778e-424a-8e40-6362d63e1f7c" testListId="8c84fa94-04c1-424b-9868-57a2d4851a1d" />
    <TestEntry testId="5e06bedb-74cb-cfdf-fdc3-bcf4ff14a610" executionId="634af1ea-49a6-4fd4-aa30-9d6924efc3b7" testListId="8c84fa94-04c1-424b-9868-57a2d4851a1d" />
    <TestEntry testId="64d792df-a24a-5789-132c-4457503d92af" executionId="50767a26-a563-4f28-b7ac-ac1ec14d1600" testListId="8c84fa94-04c1-424b-9868-57a2d4851a1d" />
    <TestEntry testId="65df5bb9-4dd4-1645-21c7-17ac35e234c8" executionId="e6990690-36ff-4d47-9b06-f7040a2946f5" testListId="8c84fa94-04c1-424b-9868-57a2d4851a1d" />
    <TestEntry testId="68e8d230-911d-2bcc-fc59-a44ca32e2df4" executionId="2e21ed8e-20ba-4a16-a805-6ef569e31bea" testListId="8c84fa94-04c1-424b-9868-57a2d4851a1d" />
    <TestEntry testId="707aa8b8-620b-08fb-f2d9-b1bafaf0e5dc" executionId="7412dfd6-bc27-4f8b-9d54-588f532e16bb" testListId="8c84fa94-04c1-424b-9868-57a2d4851a1d" />
    <TestEntry testId="7c3783ce-a97d-490a-a12f-d8d8ce510f38" executionId="748535a3-10d5-42cb-8e87-d412b0686324" testListId="8c84fa94-04c1-424b-9868-57a2d4851a1d" />
    <TestEntry testId="7d8fc65f-f4a6-b1a3-7b47-e43f33a92562" executionId="e26a89f9-0742-456c-b9cc-3b091113759c" testListId="8c84fa94-04c1-424b-9868-57a2d4851a1d" />
    <TestEntry testId="7dd265f7-9d07-8ade-0348-2149d46dc9d5" executionId="e5a81fe8-2c99-4816-b92c-59c64fa253dd" testListId="8c84fa94-04c1-424b-9868-57a2d4851a1d" />
    <TestEntry testId="865ac6eb-d460-2fd1-936b-453d007f3019" executionId="d3cd8597-8275-42c4-a482-94298fda3aa2" testListId="8c84fa94-04c1-424b-9868-57a2d4851a1d" />
    <TestEntry testId="8c893d5b-e235-59f6-ab6a-ee1ad82644dc" executionId="2a4538bf-b1d7-4603-bd37-1ee7353fe06d" testListId="8c84fa94-04c1-424b-9868-57a2d4851a1d" />
    <TestEntry testId="9971ac9b-8af4-4322-6175-426f299a2445" executionId="17ff7867-6646-48be-a8df-394e9cf2b503" testListId="8c84fa94-04c1-424b-9868-57a2d4851a1d" />
    <TestEntry testId="a22ad01c-c920-2e3c-d112-b54a814be347" executionId="8421d9e8-7319-422b-a68b-7fd6ee6949d0" testListId="8c84fa94-04c1-424b-9868-57a2d4851a1d" />
    <TestEntry testId="b3ef6052-309d-ade2-08ad-e479135668de" executionId="6d97f43f-c71b-4983-8da5-19e143146538" testListId="8c84fa94-04c1-424b-9868-57a2d4851a1d" />
    <TestEntry testId="b8e6b3d3-519a-f501-1bfa-73a460c9d52a" executionId="1594a184-45af-4d71-8aee-78233b1254e4" testListId="8c84fa94-04c1-424b-9868-57a2d4851a1d" />
    <TestEntry testId="c1675eff-1027-225e-4797-052da164c009" executionId="a06a247f-7e53-4883-874b-8cbac55b7b1e" testListId="8c84fa94-04c1-424b-9868-57a2d4851a1d" />
    <TestEntry testId="c30bd61f-af43-d801-0b27-45522346d753" executionId="ea4aa896-16f8-4a3a-97e1-cd81cbf6d245" testListId="8c84fa94-04c1-424b-9868-57a2d4851a1d" />
    <TestEntry testId="c3279829-ee3c-ba3c-8526-47c144a3e824" executionId="38f4684f-6faa-424a-9f20-717f7feb6582" testListId="8c84fa94-04c1-424b-9868-57a2d4851a1d" />
    <TestEntry testId="c56c1a40-dc8f-ca75-4fff-47c61774a542" executionId="096cb348-f598-4fff-986e-2ff530f4bb2e" testListId="8c84fa94-04c1-424b-9868-57a2d4851a1d" />
    <TestEntry testId="d5569fc8-9dc8-fb53-b363-b33a833a4ebe" executionId="004f41d5-b329-42fc-b766-0cba6cc5624e" testListId="8c84fa94-04c1-424b-9868-57a2d4851a1d" />
    <TestEntry testId="da711f7c-1243-e35e-80c6-034a98df079e" executionId="24895e3d-836a-4952-8740-404694968e31" testListId="8c84fa94-04c1-424b-9868-57a2d4851a1d" />
    <TestEntry testId="ee0a6863-be1b-85c8-bc2f-6f867fd6b733" executionId="5ac84f6e-2c12-4582-8daf-3dba399ea111" testListId="8c84fa94-04c1-424b-9868-57a2d4851a1d" />
    <TestEntry testId="ef0d621c-d01b-c22b-9aed-7fcbcdac42a0" executionId="ec07d6eb-8522-461c-885c-7f35f7e72ff1" testListId="8c84fa94-04c1-424b-9868-57a2d4851a1d" />
    <TestEntry testId="f0bc23ef-7129-c10c-aafa-81af67c2e566" executionId="2568ee37-219c-40e8-ac7c-9e575a269032" testListId="8c84fa94-04c1-424b-9868-57a2d4851a1d" />
    <TestEntry testId="f3aa8643-ca1d-3a9a-dada-708561fc7822" executionId="03909eed-1687-4721-9ca4-0da23da34241" testListId="8c84fa94-04c1-424b-9868-57a2d4851a1d" />
    <TestEntry testId="ff470440-325c-eac0-2dea-bc76ebb70ee8" executionId="a4d3ea85-7d5d-448b-b20d-5dac317474ab" testListId="8c84fa94-04c1-424b-9868-57a2d4851a1d" />
  </TestEntries>
  <Results>
    <UnitTestResult executionId="f9e1c449-b21f-45f9-86f3-da0c947dd264" testId="159b4dab-a820-ef8b-03e3-e166bb7aa697" testName="RaceResultsRouteWithRaceIDWithRegionCode" computerName="SOCX02" duration="00:00:00.4736797" startTime="2014-01-10T14:08:51.7872527+00:00" endTime="2014-01-10T14:08:53.3303410+00:00" testType="13cdc9d9-ddb5-4fa4-a97d-d965ccfc6d4b" outcome="Passed" testListId="8c84fa94-04c1-424b-9868-57a2d4851a1d" relativeResultsDirectory="f9e1c449-b21f-45f9-86f3-da0c947dd264">
    </UnitTestResult>
    <UnitTestResult executionId="4e713ba9-c041-4cb3-af4d-2867c961abfb" testId="1c44bc22-b59f-f539-ec19-5fd2120db422" testName="DeleteDonation_Calls_Repository_Delete" computerName="SOCX02" duration="00:00:00.7727948" startTime="2014-01-10T14:08:53.3363413+00:00" endTime="2014-01-10T14:08:54.1303868+00:00" testType="13cdc9d9-ddb5-4fa4-a97d-d965ccfc6d4b" outcome="Passed" testListId="8c84fa94-04c1-424b-9868-57a2d4851a1d" relativeResultsDirectory="4e713ba9-c041-4cb3-af4d-2867c961abfb">
    </UnitTestResult>
    <UnitTestResult executionId="dfd99012-760f-4319-a3f9-6cc509318951" testId="4445be88-fb8c-c60a-2eaa-87da02bd474a" testName="ApiRegionByRegionCode" computerName="SOCX02" duration="00:00:00.3841780" startTime="2014-01-10T14:08:54.1593884+00:00" endTime="2014-01-10T14:08:54.5534110+00:00" testType="13cdc9d9-ddb5-4fa4-a97d-d965ccfc6d4b" outcome="Passed" testListId="8c84fa94-04c1-424b-9868-57a2d4851a1d" relativeResultsDirectory="dfd99012-760f-4319-a3f9-6cc509318951">
    </UnitTestResult>
    <UnitTestResult executionId="7bacc460-778e-424a-8e40-6362d63e1f7c" testId="48b32990-b6f6-c4e2-d159-89a1d8ae6010" testName="DeleteDonor_Calls_Repository_Delete" computerName="SOCX02" duration="00:00:00.0178472" startTime="2014-01-10T14:08:54.5554111+00:00" endTime="2014-01-10T14:08:54.5784124+00:00" testType="13cdc9d9-ddb5-4fa4-a97d-d965ccfc6d4b" outcome="Passed" testListId="8c84fa94-04c1-424b-9868-57a2d4851a1d" relativeResultsDirectory="7bacc460-778e-424a-8e40-6362d63e1f7c">
    </UnitTestResult>
    <UnitTestResult executionId="634af1ea-49a6-4fd4-aa30-9d6924efc3b7" testId="5e06bedb-74cb-cfdf-fdc3-bcf4ff14a610" testName="The_PutDonor_Action_returns_Ok_statuscode_When_The_Donor_Exists" computerName="SOCX02" duration="00:00:00.0241789" startTime="2014-01-10T14:08:54.6054139+00:00" endTime="2014-01-10T14:08:54.6374158+00:00" testType="13cdc9d9-ddb5-4fa4-a97d-d965ccfc6d4b" outcome="Passed" testListId="8c84fa94-04c1-424b-9868-57a2d4851a1d" relativeResultsDirectory="634af1ea-49a6-4fd4-aa30-9d6924efc3b7">
    </UnitTestResult>
    <UnitTestResult executionId="50767a26-a563-4f28-b7ac-ac1ec14d1600" testId="64d792df-a24a-5789-132c-4457503d92af" testName="The_PostDonor_Action_returns_created_statuscode" computerName="SOCX02" duration="00:00:00.6962803" startTime="2014-01-10T14:08:54.6424160+00:00" endTime="2014-01-10T14:08:55.3464563+00:00" testType="13cdc9d9-ddb5-4fa4-a97d-d965ccfc6d4b" outcome="Passed" testListId="8c84fa94-04c1-424b-9868-57a2d4851a1d" relativeResultsDirectory="50767a26-a563-4f28-b7ac-ac1ec14d1600">
    </UnitTestResult>
    <UnitTestResult executionId="e6990690-36ff-4d47-9b06-f7040a2946f5" testId="65df5bb9-4dd4-1645-21c7-17ac35e234c8" testName="GetDonation_Action_Returns_Valid_Donation_Object" computerName="SOCX02" duration="00:00:00.0112892" startTime="2014-01-10T14:08:55.3704577+00:00" endTime="2014-01-10T14:08:55.3904588+00:00" testType="13cdc9d9-ddb5-4fa4-a97d-d965ccfc6d4b" outcome="Passed" testListId="8c84fa94-04c1-424b-9868-57a2d4851a1d" relativeResultsDirectory="e6990690-36ff-4d47-9b06-f7040a2946f5">
    </UnitTestResult>
    <UnitTestResult executionId="2e21ed8e-20ba-4a16-a805-6ef569e31bea" testId="68e8d230-911d-2bcc-fc59-a44ca32e2df4" testName="GetDonors_Action_Returns_Valid_IEnumerable_Of_Donors" computerName="SOCX02" duration="00:00:00.0142831" startTime="2014-01-10T14:08:55.3924589+00:00" endTime="2014-01-10T14:08:55.4124601+00:00" testType="13cdc9d9-ddb5-4fa4-a97d-d965ccfc6d4b" outcome="Passed" testListId="8c84fa94-04c1-424b-9868-57a2d4851a1d" relativeResultsDirectory="2e21ed8e-20ba-4a16-a805-6ef569e31bea">
    </UnitTestResult>
    <UnitTestResult executionId="7412dfd6-bc27-4f8b-9d54-588f532e16bb" testId="707aa8b8-620b-08fb-f2d9-b1bafaf0e5dc" testName="GetRaces_Call_Repository" computerName="SOCX02" duration="00:00:00.0562246" startTime="2014-01-10T14:08:55.4204605+00:00" endTime="2014-01-10T14:08:55.4824641+00:00" testType="13cdc9d9-ddb5-4fa4-a97d-d965ccfc6d4b" outcome="Passed" testListId="8c84fa94-04c1-424b-9868-57a2d4851a1d" relativeResultsDirectory="7412dfd6-bc27-4f8b-9d54-588f532e16bb">
    </UnitTestResult>
    <UnitTestResult executionId="748535a3-10d5-42cb-8e87-d412b0686324" testId="7c3783ce-a97d-490a-a12f-d8d8ce510f38" testName="ActionApiRouteWithControllerWithActionWithId" computerName="SOCX02" duration="00:00:00.0012657" startTime="2014-01-10T14:08:55.4854643+00:00" endTime="2014-01-10T14:08:55.4924647+00:00" testType="13cdc9d9-ddb5-4fa4-a97d-d965ccfc6d4b" outcome="Passed" testListId="8c84fa94-04c1-424b-9868-57a2d4851a1d" relativeResultsDirectory="748535a3-10d5-42cb-8e87-d412b0686324">
    </UnitTestResult>
    <UnitTestResult executionId="e26a89f9-0742-456c-b9cc-3b091113759c" testId="7d8fc65f-f4a6-b1a3-7b47-e43f33a92562" testName="The_PutDonation_Action_returns_Ok_statuscode_When_The_Donation_Exists" computerName="SOCX02" duration="00:00:00.0126986" startTime="2014-01-10T14:08:55.4984650+00:00" endTime="2014-01-10T14:08:55.5164660+00:00" testType="13cdc9d9-ddb5-4fa4-a97d-d965ccfc6d4b" outcome="Passed" testListId="8c84fa94-04c1-424b-9868-57a2d4851a1d" relativeResultsDirectory="e26a89f9-0742-456c-b9cc-3b091113759c">
    </UnitTestResult>
    <UnitTestResult executionId="e5a81fe8-2c99-4816-b92c-59c64fa253dd" testId="7dd265f7-9d07-8ade-0348-2149d46dc9d5" testName="GetDonor_Action_Returns_Valid_Donor_Object" computerName="SOCX02" duration="00:00:00.0107441" startTime="2014-01-10T14:08:55.5184661+00:00" endTime="2014-01-10T14:08:55.5354671+00:00" testType="13cdc9d9-ddb5-4fa4-a97d-d965ccfc6d4b" outcome="Passed" testListId="8c84fa94-04c1-424b-9868-57a2d4851a1d" relativeResultsDirectory="e5a81fe8-2c99-4816-b92c-59c64fa253dd">
    </UnitTestResult>
    <UnitTestResult executionId="d3cd8597-8275-42c4-a482-94298fda3aa2" testId="865ac6eb-d460-2fd1-936b-453d007f3019" testName="GetProjects_Action_Returns_Valid_IEnumerable_Of_Projects" computerName="SOCX02" duration="00:00:00.0113708" startTime="2014-01-10T14:08:55.5444676+00:00" endTime="2014-01-10T14:08:55.5614686+00:00" testType="13cdc9d9-ddb5-4fa4-a97d-d965ccfc6d4b" outcome="Passed" testListId="8c84fa94-04c1-424b-9868-57a2d4851a1d" relativeResultsDirectory="d3cd8597-8275-42c4-a482-94298fda3aa2">
    </UnitTestResult>
    <UnitTestResult executionId="2a4538bf-b1d7-4603-bd37-1ee7353fe06d" testId="8c893d5b-e235-59f6-ab6a-ee1ad82644dc" testName="GetDonations_Action_Returns_Valid_IEnumerable_Of_Donations" computerName="SOCX02" duration="00:00:00.0116110" startTime="2014-01-10T14:08:55.5634687+00:00" endTime="2014-01-10T14:08:55.5814698+00:00" testType="13cdc9d9-ddb5-4fa4-a97d-d965ccfc6d4b" outcome="Passed" testListId="8c84fa94-04c1-424b-9868-57a2d4851a1d" relativeResultsDirectory="2a4538bf-b1d7-4603-bd37-1ee7353fe06d">
    </UnitTestResult>
    <UnitTestResult executionId="17ff7867-6646-48be-a8df-394e9cf2b503" testId="9971ac9b-8af4-4322-6175-426f299a2445" testName="ApiRegionByRegionID" computerName="SOCX02" duration="00:00:00.1864415" startTime="2014-01-10T14:08:55.5934704+00:00" endTime="2014-01-10T14:08:55.7964821+00:00" testType="13cdc9d9-ddb5-4fa4-a97d-d965ccfc6d4b" outcome="Passed" testListId="8c84fa94-04c1-424b-9868-57a2d4851a1d" relativeResultsDirectory="17ff7867-6646-48be-a8df-394e9cf2b503">
    </UnitTestResult>
    <UnitTestResult executionId="8421d9e8-7319-422b-a68b-7fd6ee6949d0" testId="a22ad01c-c920-2e3c-d112-b54a814be347" testName="The_PostDonation_Action_returns_created_statuscode" computerName="SOCX02" duration="00:00:00.0223947" startTime="2014-01-10T14:08:55.8004823+00:00" endTime="2014-01-10T14:08:55.8344842+00:00" testType="13cdc9d9-ddb5-4fa4-a97d-d965ccfc6d4b" outcome="Passed" testListId="8c84fa94-04c1-424b-9868-57a2d4851a1d" relativeResultsDirectory="8421d9e8-7319-422b-a68b-7fd6ee6949d0">
    </UnitTestResult>
    <UnitTestResult executionId="6d97f43f-c71b-4983-8da5-19e143146538" testId="b3ef6052-309d-ade2-08ad-e479135668de" testName="The_PuProject_Action_returns_NotFound_statuscode_When_The_Project_Does_NOT_Exists" computerName="SOCX02" duration="00:00:00.0541854" startTime="2014-01-10T14:08:55.8604857+00:00" endTime="2014-01-10T14:08:55.9254894+00:00" testType="13cdc9d9-ddb5-4fa4-a97d-d965ccfc6d4b" outcome="Passed" testListId="8c84fa94-04c1-424b-9868-57a2d4851a1d" relativeResultsDirectory="6d97f43f-c71b-4983-8da5-19e143146538">
    </UnitTestResult>
    <UnitTestResult executionId="1594a184-45af-4d71-8aee-78233b1254e4" testId="b8e6b3d3-519a-f501-1bfa-73a460c9d52a" testName="ActionApiRouteWithControllerWithActionNoId" computerName="SOCX02" duration="00:00:00.0266820" startTime="2014-01-10T14:08:55.9304897+00:00" endTime="2014-01-10T14:08:55.9674918+00:00" testType="13cdc9d9-ddb5-4fa4-a97d-d965ccfc6d4b" outcome="Passed" testListId="8c84fa94-04c1-424b-9868-57a2d4851a1d" relativeResultsDirectory="1594a184-45af-4d71-8aee-78233b1254e4">
    </UnitTestResult>
    <UnitTestResult executionId="a06a247f-7e53-4883-874b-8cbac55b7b1e" testId="c1675eff-1027-225e-4797-052da164c009" testName="The_PutDonor_Action_returns_NotFound_statuscode_When_The_Donor_Does_NOT_Exists" computerName="SOCX02" duration="00:00:00.0239474" startTime="2014-01-10T14:08:55.9904931+00:00" endTime="2014-01-10T14:08:56.0234950+00:00" testType="13cdc9d9-ddb5-4fa4-a97d-d965ccfc6d4b" outcome="Passed" testListId="8c84fa94-04c1-424b-9868-57a2d4851a1d" relativeResultsDirectory="a06a247f-7e53-4883-874b-8cbac55b7b1e">
    </UnitTestResult>
    <UnitTestResult executionId="ea4aa896-16f8-4a3a-97e1-cd81cbf6d245" testId="c30bd61f-af43-d801-0b27-45522346d753" testName="The_PostProject_Action_returns_created_statuscode" computerName="SOCX02" duration="00:00:00.0372723" startTime="2014-01-10T14:08:56.0284953+00:00" endTime="2014-01-10T14:08:56.0774981+00:00" testType="13cdc9d9-ddb5-4fa4-a97d-d965ccfc6d4b" outcome="Passed" testListId="8c84fa94-04c1-424b-9868-57a2d4851a1d" relativeResultsDirectory="ea4aa896-16f8-4a3a-97e1-cd81cbf6d245">
    </UnitTestResult>
    <UnitTestResult executionId="38f4684f-6faa-424a-9f20-717f7feb6582" testId="c3279829-ee3c-ba3c-8526-47c144a3e824" testName="GetSubRegions_Call_Repository" computerName="SOCX02" duration="00:00:00.0110239" startTime="2014-01-10T14:08:56.0984993+00:00" endTime="2014-01-10T14:08:56.1185005+00:00" testType="13cdc9d9-ddb5-4fa4-a97d-d965ccfc6d4b" outcome="Passed" testListId="8c84fa94-04c1-424b-9868-57a2d4851a1d" relativeResultsDirectory="38f4684f-6faa-424a-9f20-717f7feb6582">
    </UnitTestResult>
    <UnitTestResult executionId="096cb348-f598-4fff-986e-2ff530f4bb2e" testId="c56c1a40-dc8f-ca75-4fff-47c61774a542" testName="GetProject_Action_Returns_Valid_Project_Object" computerName="SOCX02" duration="00:00:00.0236671" startTime="2014-01-10T14:08:56.1225007+00:00" endTime="2014-01-10T14:08:56.1575027+00:00" testType="13cdc9d9-ddb5-4fa4-a97d-d965ccfc6d4b" outcome="Passed" testListId="8c84fa94-04c1-424b-9868-57a2d4851a1d" relativeResultsDirectory="096cb348-f598-4fff-986e-2ff530f4bb2e">
    </UnitTestResult>
    <UnitTestResult executionId="004f41d5-b329-42fc-b766-0cba6cc5624e" testId="d5569fc8-9dc8-fb53-b363-b33a833a4ebe" testName="GetRegions_Call_Repository" computerName="SOCX02" duration="00:00:00.0102884" startTime="2014-01-10T14:08:56.1775038+00:00" endTime="2014-01-10T14:08:56.1995051+00:00" testType="13cdc9d9-ddb5-4fa4-a97d-d965ccfc6d4b" outcome="Passed" testListId="8c84fa94-04c1-424b-9868-57a2d4851a1d" relativeResultsDirectory="004f41d5-b329-42fc-b766-0cba6cc5624e">
    </UnitTestResult>
    <UnitTestResult executionId="24895e3d-836a-4952-8740-404694968e31" testId="da711f7c-1243-e35e-80c6-034a98df079e" testName="AboutApi" computerName="SOCX02" duration="00:00:00.0026489" startTime="2014-01-10T14:08:56.2045054+00:00" endTime="2014-01-10T14:08:56.2245065+00:00" testType="13cdc9d9-ddb5-4fa4-a97d-d965ccfc6d4b" outcome="Passed" testListId="8c84fa94-04c1-424b-9868-57a2d4851a1d" relativeResultsDirectory="24895e3d-836a-4952-8740-404694968e31">
    </UnitTestResult>
    <UnitTestResult executionId="5ac84f6e-2c12-4582-8daf-3dba399ea111" testId="ee0a6863-be1b-85c8-bc2f-6f867fd6b733" testName="The_PutDonation_Action_returns_NotFound_statuscode_When_The_Donation_Does_NOT_Exists" computerName="SOCX02" duration="00:00:00.0244714" startTime="2014-01-10T14:08:56.2455077+00:00" endTime="2014-01-10T14:08:56.2805097+00:00" testType="13cdc9d9-ddb5-4fa4-a97d-d965ccfc6d4b" outcome="Passed" testListId="8c84fa94-04c1-424b-9868-57a2d4851a1d" relativeResultsDirectory="5ac84f6e-2c12-4582-8daf-3dba399ea111">
    </UnitTestResult>
    <UnitTestResult executionId="ec07d6eb-8522-461c-885c-7f35f7e72ff1" testId="ef0d621c-d01b-c22b-9aed-7fcbcdac42a0" testName="The_PutProject_Action_returns_Ok_statuscode_When_The_Project_Exists" computerName="SOCX02" duration="00:00:00.0236343" startTime="2014-01-10T14:08:56.2845100+00:00" endTime="2014-01-10T14:08:56.3235122+00:00" testType="13cdc9d9-ddb5-4fa4-a97d-d965ccfc6d4b" outcome="Passed" testListId="8c84fa94-04c1-424b-9868-57a2d4851a1d" relativeResultsDirectory="ec07d6eb-8522-461c-885c-7f35f7e72ff1">
    </UnitTestResult>
    <UnitTestResult executionId="2568ee37-219c-40e8-ac7c-9e575a269032" testId="f0bc23ef-7129-c10c-aafa-81af67c2e566" testName="DefaultRouteConfigTest" computerName="SOCX02" duration="00:00:00.4062567" startTime="2014-01-10T14:08:56.3435133+00:00" endTime="2014-01-10T14:08:56.7625373+00:00" testType="13cdc9d9-ddb5-4fa4-a97d-d965ccfc6d4b" outcome="Passed" testListId="8c84fa94-04c1-424b-9868-57a2d4851a1d" relativeResultsDirectory="2568ee37-219c-40e8-ac7c-9e575a269032">
    </UnitTestResult>
    <UnitTestResult executionId="03909eed-1687-4721-9ca4-0da23da34241" testId="f3aa8643-ca1d-3a9a-dada-708561fc7822" testName="DeleteProject_Calls_Repository_Delete" computerName="SOCX02" duration="00:00:00.0168253" startTime="2014-01-10T14:08:56.7655375+00:00" endTime="2014-01-10T14:08:56.7905389+00:00" testType="13cdc9d9-ddb5-4fa4-a97d-d965ccfc6d4b" outcome="Passed" testListId="8c84fa94-04c1-424b-9868-57a2d4851a1d" relativeResultsDirectory="03909eed-1687-4721-9ca4-0da23da34241">
    </UnitTestResult>
    <UnitTestResult executionId="a4d3ea85-7d5d-448b-b20d-5dac317474ab" testId="ff470440-325c-eac0-2dea-bc76ebb70ee8" testName="RaceResultsRouteWithRaceIDNoRegionCode" computerName="SOCX02" duration="00:00:00.0017681" startTime="2014-01-10T14:08:56.8095400+00:00" endTime="2014-01-10T14:08:56.8175405+00:00" testType="13cdc9d9-ddb5-4fa4-a97d-d965ccfc6d4b" outcome="Passed" testListId="8c84fa94-04c1-424b-9868-57a2d4851a1d" relativeResultsDirectory="a4d3ea85-7d5d-448b-b20d-5dac317474ab">
    </UnitTestResult>
  </Results>
</TestRun>